Component: ARM Compiler 5.06 update 7 (build 960) Tool: armlink [4d3601]

==============================================================================

Section Cross References

    startup_stm32g431xx.o(STACK) refers (Special) to heapauxi.o(.text) for __use_two_region_memory
    startup_stm32g431xx.o(HEAP) refers (Special) to heapauxi.o(.text) for __use_two_region_memory
    startup_stm32g431xx.o(RESET) refers (Special) to heapauxi.o(.text) for __use_two_region_memory
    startup_stm32g431xx.o(RESET) refers to startup_stm32g431xx.o(STACK) for __initial_sp
    startup_stm32g431xx.o(RESET) refers to startup_stm32g431xx.o(.text) for Reset_Handler
    startup_stm32g431xx.o(RESET) refers to stm32g4xx_it.o(i.NMI_Handler) for NMI_Handler
    startup_stm32g431xx.o(RESET) refers to stm32g4xx_it.o(i.HardFault_Handler) for HardFault_Handler
    startup_stm32g431xx.o(RESET) refers to stm32g4xx_it.o(i.MemManage_Handler) for MemManage_Handler
    startup_stm32g431xx.o(RESET) refers to stm32g4xx_it.o(i.BusFault_Handler) for BusFault_Handler
    startup_stm32g431xx.o(RESET) refers to stm32g4xx_it.o(i.UsageFault_Handler) for UsageFault_Handler
    startup_stm32g431xx.o(RESET) refers to stm32g4xx_it.o(i.SVC_Handler) for SVC_Handler
    startup_stm32g431xx.o(RESET) refers to stm32g4xx_it.o(i.DebugMon_Handler) for DebugMon_Handler
    startup_stm32g431xx.o(RESET) refers to stm32g4xx_it.o(i.PendSV_Handler) for PendSV_Handler
    startup_stm32g431xx.o(RESET) refers to stm32g4xx_it.o(i.SysTick_Handler) for SysTick_Handler
    startup_stm32g431xx.o(RESET) refers to stm32g4xx_it.o(i.TIM1_BRK_TIM15_IRQHandler) for TIM1_BRK_TIM15_IRQHandler
    startup_stm32g431xx.o(RESET) refers to stm32g4xx_it.o(i.TIM2_IRQHandler) for TIM2_IRQHandler
    startup_stm32g431xx.o(RESET) refers to stm32g4xx_it.o(i.TIM3_IRQHandler) for TIM3_IRQHandler
    startup_stm32g431xx.o(RESET) refers to stm32g4xx_it.o(i.TIM4_IRQHandler) for TIM4_IRQHandler
    startup_stm32g431xx.o(RESET) refers to stm32g4xx_it.o(i.USART1_IRQHandler) for USART1_IRQHandler
    startup_stm32g431xx.o(.text) refers (Special) to heapauxi.o(.text) for __use_two_region_memory
    startup_stm32g431xx.o(.text) refers to system_stm32g4xx.o(i.SystemInit) for SystemInit
    startup_stm32g431xx.o(.text) refers to __main.o(!!!main) for __main
    startup_stm32g431xx.o(.text) refers to startup_stm32g431xx.o(HEAP) for Heap_Mem
    startup_stm32g431xx.o(.text) refers to startup_stm32g431xx.o(STACK) for Stack_Mem
    main.o(i.SystemClock_Config) refers to rt_memclr_w.o(.text) for __aeabi_memclr4
    main.o(i.SystemClock_Config) refers to stm32g4xx_hal_pwr_ex.o(i.HAL_PWREx_ControlVoltageScaling) for HAL_PWREx_ControlVoltageScaling
    main.o(i.SystemClock_Config) refers to stm32g4xx_hal_rcc.o(i.HAL_RCC_OscConfig) for HAL_RCC_OscConfig
    main.o(i.SystemClock_Config) refers to stm32g4xx_hal_rcc.o(i.HAL_RCC_ClockConfig) for HAL_RCC_ClockConfig
    main.o(i.SystemClock_Config) refers to stm32g4xx_hal_rcc_ex.o(i.HAL_RCCEx_PeriphCLKConfig) for HAL_RCCEx_PeriphCLKConfig
    main.o(i.fputc) refers to stm32g4xx_hal_uart.o(i.HAL_UART_Transmit) for HAL_UART_Transmit
    main.o(i.fputc) refers to usart.o(.bss) for huart1
    main.o(i.main) refers to _printf_percent.o(.ARM.Collect$$_printf_percent$$00000000) for _printf_percent
    main.o(i.main) refers to _printf_d.o(.ARM.Collect$$_printf_percent$$00000009) for _printf_d
    main.o(i.main) refers to _printf_dec.o(.text) for _printf_int_dec
    main.o(i.main) refers to _printf_f.o(.ARM.Collect$$_printf_percent$$00000003) for _printf_f
    main.o(i.main) refers to printf1.o(x$fpl$printf1) for _printf_fp_dec
    main.o(i.main) refers to _printf_c.o(.ARM.Collect$$_printf_percent$$00000013) for _printf_c
    main.o(i.main) refers to _printf_str.o(.text) for _printf_str
    main.o(i.main) refers to stm32g4xx_hal.o(i.HAL_Init) for HAL_Init
    main.o(i.main) refers to main.o(i.SystemClock_Config) for SystemClock_Config
    main.o(i.main) refers to gpio.o(i.MX_GPIO_Init) for MX_GPIO_Init
    main.o(i.main) refers to tim.o(i.MX_TIM3_Init) for MX_TIM3_Init
    main.o(i.main) refers to usart.o(i.MX_USART1_UART_Init) for MX_USART1_UART_Init
    main.o(i.main) refers to adc.o(i.MX_ADC1_Init) for MX_ADC1_Init
    main.o(i.main) refers to adc.o(i.MX_ADC2_Init) for MX_ADC2_Init
    main.o(i.main) refers to rtc.o(i.MX_RTC_Init) for MX_RTC_Init
    main.o(i.main) refers to tim.o(i.MX_TIM16_Init) for MX_TIM16_Init
    main.o(i.main) refers to tim.o(i.MX_TIM2_Init) for MX_TIM2_Init
    main.o(i.main) refers to tim.o(i.MX_TIM4_Init) for MX_TIM4_Init
    main.o(i.main) refers to tim.o(i.MX_TIM1_Init) for MX_TIM1_Init
    main.o(i.main) refers to stm32g4xx_hal_tim.o(i.HAL_TIM_Base_Start_IT) for HAL_TIM_Base_Start_IT
    main.o(i.main) refers to stm32g4xx_hal_tim.o(i.HAL_TIM_PWM_Start) for HAL_TIM_PWM_Start
    main.o(i.main) refers to stm32g4xx_hal_tim.o(i.HAL_TIM_IC_Start_IT) for HAL_TIM_IC_Start_IT
[...]
    $v0                                      0x08006ab8   Number         0  dfixu.o(x$fpl$dfixu)
    x$fpl$dflt                               0x08006b12   Section       46  dflt_clz.o(x$fpl$dflt)
    $v0                                      0x08006b12   Number         0  dflt_clz.o(x$fpl$dflt)
    x$fpl$dfltu                              0x08006b40   Section       38  dflt_clz.o(x$fpl$dfltu)
    $v0                                      0x08006b40   Number         0  dflt_clz.o(x$fpl$dfltu)
    x$fpl$dleqf                              0x08006b68   Section      120  dleqf.o(x$fpl$dleqf)
    $v0                                      0x08006b68   Number         0  dleqf.o(x$fpl$dleqf)
    x$fpl$dmul                               0x08006be0   Section      340  dmul.o(x$fpl$dmul)
    $v0                                      0x08006be0   Number         0  dmul.o(x$fpl$dmul)
    x$fpl$dnaninf                            0x08006d34   Section      156  dnaninf.o(x$fpl$dnaninf)
    $v0                                      0x08006d34   Number         0  dnaninf.o(x$fpl$dnaninf)
    x$fpl$dretinf                            0x08006dd0   Section       12  dretinf.o(x$fpl$dretinf)
    $v0                                      0x08006dd0   Number         0  dretinf.o(x$fpl$dretinf)
    x$fpl$drleqf                             0x08006ddc   Section      108  drleqf.o(x$fpl$drleqf)
    $v0                                      0x08006ddc   Number         0  drleqf.o(x$fpl$drleqf)
    x$fpl$dsub                               0x08006e48   Section      468  daddsub_clz.o(x$fpl$dsub)
    $v0                                      0x08006e48   Number         0  daddsub_clz.o(x$fpl$dsub)
    _dsub1                                   0x08006e59   Thumb Code     0  daddsub_clz.o(x$fpl$dsub)
    x$fpl$fpinit                             0x0800701c   Section       10  fpinit.o(x$fpl$fpinit)
    $v0                                      0x0800701c   Number         0  fpinit.o(x$fpl$fpinit)
    x$fpl$printf1                            0x08007026   Section        4  printf1.o(x$fpl$printf1)
    $v0                                      0x08007026   Number         0  printf1.o(x$fpl$printf1)
    .constdata                               0x0800702a   Section     4560  lcd.o(.constdata)
    x$fpl$usenofp                            0x0800702a   Section        0  usenofp.o(x$fpl$usenofp)
    .constdata                               0x080081fa   Section       24  stm32g4xx_hal_uart.o(.constdata)
    .constdata                               0x08008212   Section       16  stm32g4xx_hal_uart_ex.o(.constdata)
    numerator                                0x08008212   Data           8  stm32g4xx_hal_uart_ex.o(.constdata)
    denominator                              0x0800821a   Data           8  stm32g4xx_hal_uart_ex.o(.constdata)
    .constdata                               0x08008222   Section       16  system_stm32g4xx.o(.constdata)
    .constdata                               0x08008232   Section        8  system_stm32g4xx.o(.constdata)
    .constdata                               0x0800823c   Section      148  bigflt0.o(.constdata)
    tenpwrs_x                                0x0800823c   Data          60  bigflt0.o(.constdata)
    tenpwrs_i                                0x08008278   Data          64  bigflt0.o(.constdata)
    locale$$data                             0x080082f0   Section       28  lc_numeric_c.o(locale$$data)
    __lcnum_c_name                           0x080082f4   Data           2  lc_numeric_c.o(locale$$data)
    __lcnum_c_start                          0x080082fc   Data           0  lc_numeric_c.o(locale$$data)
    __lcnum_c_point                          0x08008308   Data           0  lc_numeric_c.o(locale$$data)
    __lcnum_c_thousands                      0x0800830a   Data           0  lc_numeric_c.o(locale$$data)
    __lcnum_c_grouping                       0x0800830b   Data           0  lc_numeric_c.o(locale$$data)
    __lcnum_c_end                            0x0800830c   Data           0  lc_numeric_c.o(locale$$data)
    .data                                    0x20000000   Section        3  main.o(.data)
    .data                                    0x20000004   Section        4  adc.o(.data)
    HAL_RCC_ADC12_CLK_ENABLED                0x20000004   Data           4  adc.o(.data)
    .data                                    0x20000008   Section       96  interrupt.o(.data)
    .data                                    0x20000068   Section        1  interrupt.o(.data)
    .data                                    0x2000006a   Section        6  lcd.o(.data)
    TextColor                                0x2000006a   Data           2  lcd.o(.data)
    BackColor                                0x2000006c   Data           2  lcd.o(.data)
    .data                                    0x20000070   Section       12  stm32g4xx_hal.o(.data)
    .data                                    0x2000007c   Section        4  system_stm32g4xx.o(.data)
    .bss                                     0x20000080   Section      216  adc.o(.bss)
    .bss                                     0x20000158   Section       40  rtc.o(.bss)
    .bss                                     0x20000180   Section      380  tim.o(.bss)
    .bss                                     0x200002fc   Section      144  usart.o(.bss)
    .bss                                     0x2000038c   Section      116  interrupt.o(.bss)
    .bss                                     0x20000400   Section       96  libspace.o(.bss)
    HEAP                                     0x20000460   Section      512  startup_stm32g431xx.o(HEAP)
    Heap_Mem                                 0x20000460   Data         512  startup_stm32g431xx.o(HEAP)
    STACK                                    0x20000660   Section     1024  startup_stm32g431xx.o(STACK)
    Stack_Mem                                0x20000660   Data        1024  startup_stm32g431xx.o(STACK)
    __initial_sp                             0x20000a60   Data           0  startup_stm32g431xx.o(STACK)

    Global Symbols

    Symbol Name                              Value     Ov Type        Size  Object(Section)

    BuildAttributes$$THM_ISAv4$E$P$D$K$B$S$7EM$VFPi3$EXTD16$VFPS$VFMA$PE$A:L22UL41UL21$X:L11$S22US41US21$IEEE1$IW$USESV6$~STKCKD$USESV7$~SHL$OTIME$ROPI$IEEEJ$EBA8$UX$STANDARDLIB$REQ8$PRES8$EABIv2 0x00000000   Number         0  anon$$obj.o ABSOLUTE
    __ARM_use_no_argv                        0x00000000   Number         0  main.o ABSOLUTE
    _printf_flags                            0x00000000   Number         0  printf_stubs.o ABSOLUTE
    _printf_return_value                     0x00000000   Number         0  printf_stubs.o ABSOLUTE
    _printf_sizespec                         0x00000000   Number         0  printf_stubs.o ABSOLUTE
    _printf_widthprec                        0x00000000   Number         0  printf_stubs.o ABSOLUTE
    __ARM_exceptions_init                     - Undefined Weak Reference
    __alloca_initialize                       - Undefined Weak Reference
    __arm_fini_                               - Undefined Weak Reference
    __arm_preinit_                            - Undefined Weak Reference
    __cpp_initialize__aeabi_                  - Undefined Weak Reference
    __cxa_finalize                            - Undefined Weak Reference
    __sigvec_lookup                           - Undefined Weak Reference
    _atexit_init                              - Undefined Weak Reference
    _call_atexit_fns                          - Undefined Weak Reference
    _clock_init                               - Undefined Weak Reference
    _fp_trap_init                             - Undefined Weak Reference
    _fp_trap_shutdown                         - Undefined Weak Reference
    _get_lc_collate                           - Undefined Weak Reference
    _get_lc_ctype                             - Undefined Weak Reference
    _get_lc_monetary                          - Undefined Weak Reference
    _get_lc_time                              - Undefined Weak Reference
    _getenv_init                              - Undefined Weak Reference
    _handle_redirection                       - Undefined Weak Reference
    _init_alloc                               - Undefined Weak Reference
    _init_user_alloc                          - Undefined Weak Reference
    _initio                                   - Undefined Weak Reference
    _printf_mbtowc                            - Undefined Weak Reference
    _printf_post_padding                      - Undefined Weak Reference
    _printf_pre_padding                       - Undefined Weak Reference
    _printf_truncate_signed                   - Undefined Weak Reference
    _printf_truncate_unsigned                 - Undefined Weak Reference
    _rand_init                                - Undefined Weak Reference
    _signal_finish                            - Undefined Weak Reference
    _signal_init                              - Undefined Weak Reference
    _terminate_alloc                          - Undefined Weak Reference
    _terminate_user_alloc                     - Undefined Weak Reference
    _terminateio                              - Undefined Weak Reference
    __Vectors_Size                           0x000001d8   Number         0  startup_stm32g431xx.o ABSOLUTE
    __Vectors                                0x08000000   Data           4  startup_stm32g431xx.o(RESET)
    __Vectors_End                            0x080001d8   Data           0  startup_stm32g431xx.o(RESET)
    __main                                   0x080001d9   Thumb Code     8  __main.o(!!!main)
    __scatterload                            0x080001e1   Thumb Code     0  __scatter.o(!!!scatter)
    __scatterload_rt2                        0x080001e1   Thumb Code    44  __scatter.o(!!!scatter)
    __scatterload_rt2_thumb_only             0x080001e1   Thumb Code     0  __scatter.o(!!!scatter)
    __scatterload_null                       0x080001ef   Thumb Code     0  __scatter.o(!!!scatter)
    __scatterload_copy                       0x08000215   Thumb Code    26  __scatter_copy.o(!!handler_copy)
    __scatterload_zeroinit                   0x08000231   Thumb Code    28  __scatter_zi.o(!!handler_zi)
    _printf_f                                0x0800024d   Thumb Code     0  _printf_f.o(.ARM.Collect$$_printf_percent$$00000003)
    _printf_percent                          0x0800024d   Thumb Code     0  _printf_percent.o(.ARM.Collect$$_printf_percent$$00000000)
    _printf_d                                0x08000253   Thumb Code     0  _printf_d.o(.ARM.Collect$$_printf_percent$$00000009)
    _printf_c                                0x08000259   Thumb Code     0  _printf_c.o(.ARM.Collect$$_printf_percent$$00000013)
    _printf_percent_end                      0x0800025f   Thumb Code     0  _printf_percent_end.o(.ARM.Collect$$_printf_percent$$00000017)
    __rt_lib_init                            0x08000263   Thumb Code     0  libinit.o(.ARM.Collect$$libinit$$00000000)
    __rt_lib_init_fp_1                       0x08000265   Thumb Code     0  libinit2.o(.ARM.Collect$$libinit$$00000001)
    __rt_lib_init_heap_1                     0x08000269   Thumb Code     0  libinit2.o(.ARM.Collect$$libinit$$0000000A)
    __rt_lib_init_lc_common                  0x08000269   Thumb Code     0  libinit2.o(.ARM.Collect$$libinit$$0000000F)
    __rt_lib_init_preinit_1                  0x08000269   Thumb Code     0  libinit2.o(.ARM.Collect$$libinit$$00000004)
    __rt_lib_init_rand_1                     0x08000269   Thumb Code     0  libinit2.o(.ARM.Collect$$libinit$$0000000E)
    __rt_lib_init_user_alloc_1               0x08000269   Thumb Code     0  libinit2.o(.ARM.Collect$$libinit$$0000000C)
    __rt_lib_init_lc_collate_1               0x0800026f   Thumb Code     0  libinit2.o(.ARM.Collect$$libinit$$00000011)
    __rt_lib_init_lc_ctype_1                 0x0800026f   Thumb Code     0  libinit2.o(.ARM.Collect$$libinit$$00000013)
    __rt_lib_init_lc_monetary_1              0x0800026f   Thumb Code     0  libinit2.o(.ARM.Collect$$libinit$$00000015)
    __rt_lib_init_lc_numeric_2               0x0800026f   Thumb Code     0  libinit2.o(.ARM.Collect$$libinit$$00000016)
    __rt_lib_init_alloca_1                   0x08000279   Thumb Code     0  libinit2.o(.ARM.Collect$$libinit$$0000002E)
    __rt_lib_init_argv_1                     0x08000279   Thumb Code     0  libinit2.o(.ARM.Collect$$libinit$$0000002C)
    __rt_lib_init_atexit_1                   0x08000279   Thumb Code     0  libinit2.o(.ARM.Collect$$libinit$$0000001B)
    __rt_lib_init_clock_1                    0x08000279   Thumb Code     0  libinit2.o(.ARM.Collect$$libinit$$00000021)
    __rt_lib_init_cpp_1                      0x08000279   Thumb Code     0  libinit2.o(.ARM.Collect$$libinit$$00000032)
    __rt_lib_init_exceptions_1               0x08000279   Thumb Code     0  libinit2.o(.ARM.Collect$$libinit$$00000030)
    __rt_lib_init_fp_trap_1                  0x08000279   Thumb Code     0  libinit2.o(.ARM.Collect$$libinit$$0000001F)
    __rt_lib_init_getenv_1                   0x08000279   Thumb Code     0  libinit2.o(.ARM.Collect$$libinit$$00000023)
    __rt_lib_init_lc_numeric_1               0x08000279   Thumb Code     0  libinit2.o(.ARM.Collect$$libinit$$00000017)
    __rt_lib_init_lc_time_1                  0x08000279   Thumb Code     0  libinit2.o(.ARM.Collect$$libinit$$00000019)
    __rt_lib_init_return                     0x08000279   Thumb Code     0  libinit2.o(.ARM.Collect$$libinit$$00000033)
    __rt_lib_init_signal_1                   0x08000279   Thumb Code     0  libinit2.o(.ARM.Collect$$libinit$$0000001D)
    __rt_lib_init_stdio_1                    0x08000279   Thumb Code     0  libinit2.o(.ARM.Collect$$libinit$$00000025)
    __rt_lib_shutdown                        0x0800027b   Thumb Code     0  libshutdown.o(.ARM.Collect$$libshutdown$$00000000)
    __rt_lib_shutdown_cpp_1                  0x0800027d   Thumb Code     0  libshutdown2.o(.ARM.Collect$$libshutdown$$00000004)
    __rt_lib_shutdown_fini_1                 0x0800027d   Thumb Code     0  libshutdown2.o(.ARM.Collect$$libshutdown$$00000002)
    __rt_lib_shutdown_fp_trap_1              0x0800027d   Thumb Code     0  libshutdown2.o(.ARM.Collect$$libshutdown$$00000009)
    __rt_lib_shutdown_heap_1                 0x0800027d   Thumb Code     0  libshutdown2.o(.ARM.Collect$$libshutdown$$00000011)
    __rt_lib_shutdown_return                 0x0800027d   Thumb Code     0  libshutdown2.o(.ARM.Collect$$libshutdown$$00000012)
    __rt_lib_shutdown_signal_1               0x0800027d   Thumb Code     0  libshutdown2.o(.ARM.Collect$$libshutdown$$0000000C)
    __rt_lib_shutdown_stdio_1                0x0800027d   Thumb Code     0  libshutdown2.o(.ARM.Collect$$libshutdown$$00000006)
    __rt_lib_shutdown_user_alloc_1           0x0800027d   Thumb Code     0  libshutdown2.o(.ARM.Collect$$libshutdown$$0000000E)
    __rt_entry                               0x0800027f   Thumb Code     0  __rtentry.o(.ARM.Collect$$rtentry$$00000000)
    __rt_entry_presh_1                       0x0800027f   Thumb Code     0  __rtentry2.o(.ARM.Collect$$rtentry$$00000002)
    __rt_entry_sh                            0x0800027f   Thumb Code     0  __rtentry4.o(.ARM.Collect$$rtentry$$00000004)
    __rt_entry_li                            0x08000285   Thumb Code     0  __rtentry2.o(.ARM.Collect$$rtentry$$0000000A)
    __rt_entry_postsh_1                      0x08000285   Thumb Code     0  __rtentry2.o(.ARM.Collect$$rtentry$$00000009)
    __rt_entry_main                          0x08000289   Thumb Code     0  __rtentry2.o(.ARM.Collect$$rtentry$$0000000D)
    __rt_entry_postli_1                      0x08000289   Thumb Code     0  __rtentry2.o(.ARM.Collect$$rtentry$$0000000C)
    __rt_exit                                0x08000291   Thumb Code     0  rtexit.o(.ARM.Collect$$rtexit$$00000000)
    __rt_exit_ls                             0x08000293   Thumb Code     0  rtexit2.o(.ARM.Collect$$rtexit$$00000003)
    __rt_exit_prels_1                        0x08000293   Thumb Code     0  rtexit2.o(.ARM.Collect$$rtexit$$00000002)
    __rt_exit_exit                           0x08000297   Thumb Code     0  rtexit2.o(.ARM.Collect$$rtexit$$00000004)
    Reset_Handler                            0x0800029d   Thumb Code     8  startup_stm32g431xx.o(.text)
    ADC1_2_IRQHandler                        0x080002b7   Thumb Code     0  startup_stm32g431xx.o(.text)
    COMP1_2_3_IRQHandler                     0x080002b7   Thumb Code     0  startup_stm32g431xx.o(.text)
    COMP4_IRQHandler                         0x080002b7   Thumb Code     0  startup_stm32g431xx.o(.text)
    CORDIC_IRQHandler                        0x080002b7   Thumb Code     0  startup_stm32g431xx.o(.text)
    CRS_IRQHandler                           0x080002b7   Thumb Code     0  startup_stm32g431xx.o(.text)
    DMA1_Channel1_IRQHandler                 0x080002b7   Thumb Code     0  startup_stm32g431xx.o(.text)
    DMA1_Channel2_IRQHandler                 0x080002b7   Thumb Code     0  startup_stm32g431xx.o(.text)
    DMA1_Channel3_IRQHandler                 0x080002b7   Thumb Code     0  startup_stm32g431xx.o(.text)
    DMA1_Channel4_IRQHandler                 0x080002b7   Thumb Code     0  startup_stm32g431xx.o(.text)
    DMA1_Channel5_IRQHandler                 0x080002b7   Thumb Code     0  startup_stm32g431xx.o(.text)
    DMA1_Channel6_IRQHandler                 0x080002b7   Thumb Code     0  startup_stm32g431xx.o(.text)
    DMA2_Channel1_IRQHandler                 0x080002b7   Thumb Code     0  startup_stm32g431xx.o(.text)
    DMA2_Channel2_IRQHandler                 0x080002b7   Thumb Code     0  startup_stm32g431xx.o(.text)
    DMA2_Channel3_IRQHandler                 0x080002b7   Thumb Code     0  startup_stm32g431xx.o(.text)
    DMA2_Channel4_IRQHandler                 0x080002b7   Thumb Code     0  startup_stm32g431xx.o(.text)
    DMA2_Channel5_IRQHandler                 0x080002b7   Thumb Code     0  startup_stm32g431xx.o(.text)
    DMA2_Channel6_IRQHandler                 0x080002b7   Thumb Code     0  startup_stm32g431xx.o(.text)
    DMAMUX_OVR_IRQHandler                    0x080002b7   Thumb Code     0  startup_stm32g431xx.o(.text)
    EXTI0_IRQHandler                         0x080002b7   Thumb Code     0  startup_stm32g431xx.o(.text)
    EXTI15_10_IRQHandler                     0x080002b7   Thumb Code     0  startup_stm32g431xx.o(.text)
    EXTI1_IRQHandler                         0x080002b7   Thumb Code     0  startup_stm32g431xx.o(.text)
    EXTI2_IRQHandler                         0x080002b7   Thumb Code     0  startup_stm32g431xx.o(.text)
    EXTI3_IRQHandler                         0x080002b7   Thumb Code     0  startup_stm32g431xx.o(.text)
    EXTI4_IRQHandler                         0x080002b7   Thumb Code     0  startup_stm32g431xx.o(.text)
    EXTI9_5_IRQHandler                       0x080002b7   Thumb Code     0  startup_stm32g431xx.o(.text)
    FDCAN1_IT0_IRQHandler                    0x080002b7   Thumb Code     0  startup_stm32g431xx.o(.text)
    FDCAN1_IT1_IRQHandler                    0x080002b7   Thumb Code     0  startup_stm32g431xx.o(.text)
    FLASH_IRQHandler                         0x080002b7   Thumb Code     0  startup_stm32g431xx.o(.text)
    FMAC_IRQHandler                          0x080002b7   Thumb Code     0  startup_stm32g431xx.o(.text)
    FPU_IRQHandler                           0x080002b7   Thumb Code     0  startup_stm32g431xx.o(.text)
    I2C1_ER_IRQHandler                       0x080002b7   Thumb Code     0  startup_stm32g431xx.o(.text)
    I2C1_EV_IRQHandler                       0x080002b7   Thumb Code     0  startup_stm32g431xx.o(.text)
    I2C2_ER_IRQHandler                       0x080002b7   Thumb Code     0  startup_stm32g431xx.o(.text)
    I2C2_EV_IRQHandler                       0x080002b7   Thumb Code     0  startup_stm32g431xx.o(.text)
    I2C3_ER_IRQHandler                       0x080002b7   Thumb Code     0  startup_stm32g431xx.o(.text)
    I2C3_EV_IRQHandler                       0x080002b7   Thumb Code     0  startup_stm32g431xx.o(.text)
    LPTIM1_IRQHandler                        0x080002b7   Thumb Code     0  startup_stm32g431xx.o(.text)
    LPUART1_IRQHandler                       0x080002b7   Thumb Code     0  startup_stm32g431xx.o(.text)
    PVD_PVM_IRQHandler                       0x080002b7   Thumb Code     0  startup_stm32g431xx.o(.text)
    RCC_IRQHandler                           0x080002b7   Thumb Code     0  startup_stm32g431xx.o(.text)
    RNG_IRQHandler                           0x080002b7   Thumb Code     0  startup_stm32g431xx.o(.text)
    RTC_Alarm_IRQHandler                     0x080002b7   Thumb Code     0  startup_stm32g431xx.o(.text)
    RTC_TAMP_LSECSS_IRQHandler               0x080002b7   Thumb Code     0  startup_stm32g431xx.o(.text)
    RTC_WKUP_IRQHandler                      0x080002b7   Thumb Code     0  startup_stm32g431xx.o(.text)
    SAI1_IRQHandler                          0x080002b7   Thumb Code     0  startup_stm32g431xx.o(.text)
    SPI1_IRQHandler                          0x080002b7   Thumb Code     0  startup_stm32g431xx.o(.text)
    SPI2_IRQHandler                          0x080002b7   Thumb Code     0  startup_stm32g431xx.o(.text)
    SPI3_IRQHandler                          0x080002b7   Thumb Code     0  startup_stm32g431xx.o(.text)
    TIM1_CC_IRQHandler                       0x080002b7   Thumb Code     0  startup_stm32g431xx.o(.text)
    TIM1_TRG_COM_TIM17_IRQHandler            0x080002b7   Thumb Code     0  startup_stm32g431xx.o(.text)
    TIM1_UP_TIM16_IRQHandler                 0x080002b7   Thumb Code     0  startup_stm32g431xx.o(.text)
    TIM6_DAC_IRQHandler                      0x080002b7   Thumb Code     0  startup_stm32g431xx.o(.text)
    TIM7_IRQHandler                          0x080002b7   Thumb Code     0  startup_stm32g431xx.o(.text)
    TIM8_BRK_IRQHandler                      0x080002b7   Thumb Code     0  startup_stm32g431xx.o(.text)
    TIM8_CC_IRQHandler                       0x080002b7   Thumb Code     0  startup_stm32g431xx.o(.text)
    TIM8_TRG_COM_IRQHandler                  0x080002b7   Thumb Code     0  startup_stm32g431xx.o(.text)
    TIM8_UP_IRQHandler                       0x080002b7   Thumb Code     0  startup_stm32g431xx.o(.text)
    UART4_IRQHandler                         0x080002b7   Thumb Code     0  startup_stm32g431xx.o(.text)
    UCPD1_IRQHandler                         0x080002b7   Thumb Code     0  startup_stm32g431xx.o(.text)
    USART2_IRQHandler                        0x080002b7   Thumb Code     0  startup_stm32g431xx.o(.text)
    USART3_IRQHandler                        0x080002b7   Thumb Code     0  startup_stm32g431xx.o(.text)
    USBWakeUp_IRQHandler                     0x080002b7   Thumb Code     0  startup_stm32g431xx.o(.text)
    USB_HP_IRQHandler                        0x080002b7   Thumb Code     0  startup_stm32g431xx.o(.text)
    USB_LP_IRQHandler                        0x080002b7   Thumb Code     0  startup_stm32g431xx.o(.text)
    WWDG_IRQHandler                          0x080002b7   Thumb Code     0  startup_stm32g431xx.o(.text)
    __user_initial_stackheap                 0x080002b9   Thumb Code     0  startup_stm32g431xx.o(.text)
    __aeabi_uldivmod                         0x080002dd   Thumb Code     0  lludivv7m.o(.text)
    _ll_udiv                                 0x080002dd   Thumb Code   238  lludivv7m.o(.text)
    __2sprintf                               0x080003cd   Thumb Code    34  noretval__2sprintf.o(.text)
    _printf_str                              0x080003f5   Thumb Code    82  _printf_str.o(.text)
    _printf_int_dec                          0x08000449   Thumb Code   104  _printf_dec.o(.text)
    __printf                                 0x080004c1   Thumb Code   270  __printf_wp.o(.text)
    __aeabi_memclr4                          0x080005cf   Thumb Code     0  rt_memclr_w.o(.text)
    __aeabi_memclr8                          0x080005cf   Thumb Code     0  rt_memclr_w.o(.text)
    __rt_memclr_w                            0x080005cf   Thumb Code    78  rt_memclr_w.o(.text)
    _memset_w                                0x080005d3   Thumb Code     0  rt_memclr_w.o(.text)
    __use_two_region_memory                  0x0800061d   Thumb Code     2  heapauxi.o(.text)
    __rt_heap_escrow$2region                 0x0800061f   Thumb Code     2  heapauxi.o(.text)
    __rt_heap_expand$2region                 0x08000621   Thumb Code     2  heapauxi.o(.text)
    _printf_int_common                       0x08000623   Thumb Code   178  _printf_intcommon.o(.text)
    __lib_sel_fp_printf                      0x080006d5   Thumb Code     2  _printf_fp_dec.o(.text)
    _printf_fp_dec_real                      0x08000887   Thumb Code   620  _printf_fp_dec.o(.text)
    _printf_char_common                      0x08000aff   Thumb Code    32  _printf_char_common.o(.text)
    _sputc                                   0x08000b25   Thumb Code    10  _sputc.o(.text)
    _printf_cs_common                        0x08000b2f   Thumb Code    20  _printf_char.o(.text)
    _printf_char                             0x08000b43   Thumb Code    16  _printf_char.o(.text)
    _printf_string                           0x08000b53   Thumb Code     8  _printf_char.o(.text)
    __rt_locale                              0x08000b5d   Thumb Code     8  rt_locale_intlibspace.o(.text)
    _ll_udiv10                               0x08000b65   Thumb Code   138  lludiv10.o(.text)
    _printf_fp_infnan                        0x08000bf1   Thumb Code   112  _printf_fp_infnan.o(.text)
    _btod_etento                             0x08000c71   Thumb Code   224  bigflt0.o(.text)
    __user_libspace                          0x08000d55   Thumb Code     8  libspace.o(.text)
    __user_perproc_libspace                  0x08000d55   Thumb Code     0  libspace.o(.text)
    __user_perthread_libspace                0x08000d55   Thumb Code     0  libspace.o(.text)
    __user_setup_stackheap                   0x08000d5d   Thumb Code    74  sys_stackheap_outer.o(.text)
    exit                                     0x08000da7   Thumb Code    18  exit.o(.text)
    strcmp                                   0x08000db9   Thumb Code   128  strcmpv7m.o(.text)
    _sys_exit                                0x08000e39   Thumb Code     8  sys_exit.o(.text)
    __I$use$semihosting                      0x08000e45   Thumb Code     0  use_no_semi.o(.text)
    __use_no_semihosting_swi                 0x08000e45   Thumb Code     2  use_no_semi.o(.text)
    __semihosting_library_function           0x08000e47   Thumb Code     0  indicate_semi.o(.text)
    _btod_d2e                                0x08000e47   Thumb Code    62  btod.o(CL$$btod_d2e)
    _d2e_denorm_low                          0x08000e85   Thumb Code    70  btod.o(CL$$btod_d2e_denorm_low)
    _d2e_norm_op1                            0x08000ecb   Thumb Code    96  btod.o(CL$$btod_d2e_norm_op1)
    __btod_div_common                        0x08000f2b   Thumb Code   696  btod.o(CL$$btod_div_common)
    _e2e                                     0x08001263   Thumb Code   220  btod.o(CL$$btod_e2e)
    _btod_ediv                               0x0800133f   Thumb Code    42  btod.o(CL$$btod_ediv)
    _btod_emul                               0x08001369   Thumb Code    42  btod.o(CL$$btod_emul)
    __btod_mult_common                       0x08001393   Thumb Code   580  btod.o(CL$$btod_mult_common)
    ADC_Enable                               0x080015d9   Thumb Code   110  stm32g4xx_hal_adc.o(i.ADC_Enable)
    BusFault_Handler                         0x0800164d   Thumb Code     2  stm32g4xx_it.o(i.BusFault_Handler)
    DebugMon_Handler                         0x0800164f   Thumb Code     2  stm32g4xx_it.o(i.DebugMon_Handler)
    Delay_LCD                                0x08001651   Thumb Code    28  lcd.o(i.Delay_LCD)
    Error_Handler                            0x0800166d   Thumb Code     4  main.o(i.Error_Handler)
    HAL_ADCEx_MultiModeConfigChannel         0x08001671   Thumb Code   208  stm32g4xx_hal_adc_ex.o(i.HAL_ADCEx_MultiModeConfigChannel)
    HAL_ADC_ConfigChannel                    0x08001749   Thumb Code  1006  stm32g4xx_hal_adc.o(i.HAL_ADC_ConfigChannel)
    HAL_ADC_GetValue                         0x08001b6d   Thumb Code     6  stm32g4xx_hal_adc.o(i.HAL_ADC_GetValue)
    HAL_ADC_Init                             0x08001b75   Thumb Code   476  stm32g4xx_hal_adc.o(i.HAL_ADC_Init)
    HAL_ADC_MspInit                          0x08001d71   Thumb Code   146  adc.o(i.HAL_ADC_MspInit)
    HAL_ADC_Start                            0x08001e15   Thumb Code   230  stm32g4xx_hal_adc.o(i.HAL_ADC_Start)
    HAL_DMA_Abort                            0x08001f09   Thumb Code   106  stm32g4xx_hal_dma.o(i.HAL_DMA_Abort)
    HAL_DMA_Abort_IT                         0x08001f73   Thumb Code   120  stm32g4xx_hal_dma.o(i.HAL_DMA_Abort_IT)
    HAL_Delay                                0x08001fed   Thumb Code    32  stm32g4xx_hal.o(i.HAL_Delay)
    HAL_GPIO_Init                            0x08002011   Thumb Code   422  stm32g4xx_hal_gpio.o(i.HAL_GPIO_Init)
    HAL_GPIO_ReadPin                         0x080021d9   Thumb Code    10  stm32g4xx_hal_gpio.o(i.HAL_GPIO_ReadPin)
    HAL_GPIO_WritePin                        0x080021e3   Thumb Code    10  stm32g4xx_hal_gpio.o(i.HAL_GPIO_WritePin)
    HAL_GetTick                              0x080021ed   Thumb Code     6  stm32g4xx_hal.o(i.HAL_GetTick)
    HAL_IncTick                              0x080021f9   Thumb Code    12  stm32g4xx_hal.o(i.HAL_IncTick)
    HAL_Init                                 0x08002209   Thumb Code    30  stm32g4xx_hal.o(i.HAL_Init)
    HAL_InitTick                             0x08002229   Thumb Code    58  stm32g4xx_hal.o(i.HAL_InitTick)
    HAL_MspInit                              0x0800226d   Thumb Code    42  stm32g4xx_hal_msp.o(i.HAL_MspInit)
    HAL_NVIC_EnableIRQ                       0x0800229d   Thumb Code    26  stm32g4xx_hal_cortex.o(i.HAL_NVIC_EnableIRQ)
    HAL_NVIC_SetPriority                     0x080022b9   Thumb Code    60  stm32g4xx_hal_cortex.o(i.HAL_NVIC_SetPriority)
    HAL_NVIC_SetPriorityGrouping             0x080022f9   Thumb Code    26  stm32g4xx_hal_cortex.o(i.HAL_NVIC_SetPriorityGrouping)
    HAL_PWREx_ControlVoltageScaling          0x0800231d   Thumb Code   174  stm32g4xx_hal_pwr_ex.o(i.HAL_PWREx_ControlVoltageScaling)
    HAL_PWREx_DisableUCPDDeadBattery         0x080023d9   Thumb Code    12  stm32g4xx_hal_pwr_ex.o(i.HAL_PWREx_DisableUCPDDeadBattery)
    HAL_RCCEx_PeriphCLKConfig                0x080023e9   Thumb Code   638  stm32g4xx_hal_rcc_ex.o(i.HAL_RCCEx_PeriphCLKConfig)
    HAL_RCC_ClockConfig                      0x08002671   Thumb Code   444  stm32g4xx_hal_rcc.o(i.HAL_RCC_ClockConfig)
    HAL_RCC_GetPCLK1Freq                     0x0800284d   Thumb Code    24  stm32g4xx_hal_rcc.o(i.HAL_RCC_GetPCLK1Freq)
    HAL_RCC_GetPCLK2Freq                     0x08002871   Thumb Code    24  stm32g4xx_hal_rcc.o(i.HAL_RCC_GetPCLK2Freq)
    HAL_RCC_GetSysClockFreq                  0x08002895   Thumb Code    98  stm32g4xx_hal_rcc.o(i.HAL_RCC_GetSysClockFreq)
    HAL_RCC_OscConfig                        0x08002905   Thumb Code  1036  stm32g4xx_hal_rcc.o(i.HAL_RCC_OscConfig)
    HAL_RTC_GetDate                          0x08002d11   Thumb Code    62  stm32g4xx_hal_rtc.o(i.HAL_RTC_GetDate)
    HAL_RTC_GetTime                          0x08002d59   Thumb Code    82  stm32g4xx_hal_rtc.o(i.HAL_RTC_GetTime)
    HAL_RTC_Init                             0x08002db5   Thumb Code   138  stm32g4xx_hal_rtc.o(i.HAL_RTC_Init)
    HAL_RTC_MspInit                          0x08002e49   Thumb Code    22  rtc.o(i.HAL_RTC_MspInit)
    HAL_RTC_SetDate                          0x08002e69   Thumb Code   158  stm32g4xx_hal_rtc.o(i.HAL_RTC_SetDate)
    HAL_RTC_SetTime                          0x08002f11   Thumb Code   200  stm32g4xx_hal_rtc.o(i.HAL_RTC_SetTime)
    HAL_RTC_WaitForSynchro                   0x08002fe1   Thumb Code    48  stm32g4xx_hal_rtc.o(i.HAL_RTC_WaitForSynchro)
    HAL_SYSTICK_Config                       0x08003015   Thumb Code    40  stm32g4xx_hal_cortex.o(i.HAL_SYSTICK_Config)
    HAL_TIMEx_Break2Callback                 0x0800303d   Thumb Code     2  stm32g4xx_hal_tim_ex.o(i.HAL_TIMEx_Break2Callback)
    HAL_TIMEx_BreakCallback                  0x0800303f   Thumb Code     2  stm32g4xx_hal_tim_ex.o(i.HAL_TIMEx_BreakCallback)
    HAL_TIMEx_CommutCallback                 0x08003041   Thumb Code     2  stm32g4xx_hal_tim_ex.o(i.HAL_TIMEx_CommutCallback)
    HAL_TIMEx_ConfigBreakDeadTime            0x08003045   Thumb Code   164  stm32g4xx_hal_tim_ex.o(i.HAL_TIMEx_ConfigBreakDeadTime)
    HAL_TIMEx_DirectionChangeCallback        0x080030f1   Thumb Code     2  stm32g4xx_hal_tim_ex.o(i.HAL_TIMEx_DirectionChangeCallback)
    HAL_TIMEx_EncoderIndexCallback           0x080030f3   Thumb Code     2  stm32g4xx_hal_tim_ex.o(i.HAL_TIMEx_EncoderIndexCallback)
    HAL_TIMEx_IndexErrorCallback             0x080030f5   Thumb Code     2  stm32g4xx_hal_tim_ex.o(i.HAL_TIMEx_IndexErrorCallback)
    HAL_TIMEx_MasterConfigSynchronization    0x080030f9   Thumb Code   132  stm32g4xx_hal_tim_ex.o(i.HAL_TIMEx_MasterConfigSynchronization)
    HAL_TIMEx_TransitionErrorCallback        0x08003195   Thumb Code     2  stm32g4xx_hal_tim_ex.o(i.HAL_TIMEx_TransitionErrorCallback)
    HAL_TIM_Base_Init                        0x08003197   Thumb Code    98  stm32g4xx_hal_tim.o(i.HAL_TIM_Base_Init)
    HAL_TIM_Base_MspInit                     0x080031f9   Thumb Code   272  tim.o(i.HAL_TIM_Base_MspInit)
    HAL_TIM_Base_Start_IT                    0x0800331d   Thumb Code    94  stm32g4xx_hal_tim.o(i.HAL_TIM_Base_Start_IT)
    HAL_TIM_ConfigClockSource                0x08003395   Thumb Code   240  stm32g4xx_hal_tim.o(i.HAL_TIM_ConfigClockSource)
    HAL_TIM_IC_CaptureCallback               0x0800348d   Thumb Code   190  interrupt.o(i.HAL_TIM_IC_CaptureCallback)
    HAL_TIM_IC_ConfigChannel                 0x08003561   Thumb Code   270  stm32g4xx_hal_tim.o(i.HAL_TIM_IC_ConfigChannel)
    HAL_TIM_IC_Init                          0x0800366f   Thumb Code    98  stm32g4xx_hal_tim.o(i.HAL_TIM_IC_Init)
    HAL_TIM_IC_MspInit                       0x080036d1   Thumb Code     2  stm32g4xx_hal_tim.o(i.HAL_TIM_IC_MspInit)
    HAL_TIM_IC_Start_IT                      0x080036d5   Thumb Code   272  stm32g4xx_hal_tim.o(i.HAL_TIM_IC_Start_IT)
    HAL_TIM_IRQHandler                       0x080037fd   Thumb Code   508  stm32g4xx_hal_tim.o(i.HAL_TIM_IRQHandler)
    HAL_TIM_MspPostInit                      0x080039f9   Thumb Code   106  tim.o(i.HAL_TIM_MspPostInit)
    HAL_TIM_OC_DelayElapsedCallback          0x08003a6d   Thumb Code     2  stm32g4xx_hal_tim.o(i.HAL_TIM_OC_DelayElapsedCallback)
    HAL_TIM_PWM_ConfigChannel                0x08003a6f   Thumb Code   286  stm32g4xx_hal_tim.o(i.HAL_TIM_PWM_ConfigChannel)
    HAL_TIM_PWM_Init                         0x08003b8d   Thumb Code    98  stm32g4xx_hal_tim.o(i.HAL_TIM_PWM_Init)
    HAL_TIM_PWM_MspInit                      0x08003bef   Thumb Code     2  stm32g4xx_hal_tim.o(i.HAL_TIM_PWM_MspInit)
    HAL_TIM_PWM_PulseFinishedCallback        0x08003bf1   Thumb Code     2  stm32g4xx_hal_tim.o(i.HAL_TIM_PWM_PulseFinishedCallback)
    HAL_TIM_PWM_Start                        0x08003bf5   Thumb Code   218  stm32g4xx_hal_tim.o(i.HAL_TIM_PWM_Start)
    HAL_TIM_PeriodElapsedCallback            0x08003cf1   Thumb Code   552  interrupt.o(i.HAL_TIM_PeriodElapsedCallback)
    HAL_TIM_TriggerCallback                  0x08003f5d   Thumb Code     2  stm32g4xx_hal_tim.o(i.HAL_TIM_TriggerCallback)
    HAL_UARTEx_DisableFifoMode               0x08003f5f   Thumb Code    62  stm32g4xx_hal_uart_ex.o(i.HAL_UARTEx_DisableFifoMode)
    HAL_UARTEx_RxEventCallback               0x08003f9d   Thumb Code     2  stm32g4xx_hal_uart.o(i.HAL_UARTEx_RxEventCallback)
    HAL_UARTEx_RxFifoFullCallback            0x08003f9f   Thumb Code     2  stm32g4xx_hal_uart_ex.o(i.HAL_UARTEx_RxFifoFullCallback)
    HAL_UARTEx_SetRxFifoThreshold            0x08003fa1   Thumb Code    76  stm32g4xx_hal_uart_ex.o(i.HAL_UARTEx_SetRxFifoThreshold)
    HAL_UARTEx_SetTxFifoThreshold            0x08003fed   Thumb Code    76  stm32g4xx_hal_uart_ex.o(i.HAL_UARTEx_SetTxFifoThreshold)
    HAL_UARTEx_TxFifoEmptyCallback           0x08004039   Thumb Code     2  stm32g4xx_hal_uart_ex.o(i.HAL_UARTEx_TxFifoEmptyCallback)
    HAL_UARTEx_WakeupCallback                0x0800403b   Thumb Code     2  stm32g4xx_hal_uart_ex.o(i.HAL_UARTEx_WakeupCallback)
    HAL_UART_ErrorCallback                   0x0800403d   Thumb Code     2  stm32g4xx_hal_uart.o(i.HAL_UART_ErrorCallback)
    HAL_UART_IRQHandler                      0x08004041   Thumb Code   632  stm32g4xx_hal_uart.o(i.HAL_UART_IRQHandler)
    HAL_UART_Init                            0x080042c5   Thumb Code   106  stm32g4xx_hal_uart.o(i.HAL_UART_Init)
    HAL_UART_MspInit                         0x08004331   Thumb Code   106  usart.o(i.HAL_UART_MspInit)
    HAL_UART_Receive_IT                      0x080043a5   Thumb Code    70  stm32g4xx_hal_uart.o(i.HAL_UART_Receive_IT)
    HAL_UART_RxCpltCallback                  0x080043f1   Thumb Code    24  interrupt.o(i.HAL_UART_RxCpltCallback)
    HAL_UART_TxCpltCallback                  0x08004411   Thumb Code     2  stm32g4xx_hal_uart.o(i.HAL_UART_TxCpltCallback)
    HardFault_Handler                        0x08004413   Thumb Code     2  stm32g4xx_it.o(i.HardFault_Handler)
    LCD_BusIn                                0x08004415   Thumb Code    40  lcd.o(i.LCD_BusIn)
    LCD_BusOut                               0x08004441   Thumb Code    42  lcd.o(i.LCD_BusOut)
    LCD_Clear                                0x08004471   Thumb Code    36  lcd.o(i.LCD_Clear)
    LCD_CtrlLinesConfig                      0x08004495   Thumb Code   136  lcd.o(i.LCD_CtrlLinesConfig)
    LCD_DisplayChar                          0x08004525   Thumb Code    18  lcd.o(i.LCD_DisplayChar)
    LCD_DisplayStringLine                    0x0800453d   Thumb Code    42  lcd.o(i.LCD_DisplayStringLine)
    LCD_DrawChar                             0x08004569   Thumb Code    84  lcd.o(i.LCD_DrawChar)
    LCD_Init                                 0x080045c1   Thumb Code    46  lcd.o(i.LCD_Init)
    LCD_ReadReg                              0x080045f5   Thumb Code   120  lcd.o(i.LCD_ReadReg)
    LCD_SetBackColor                         0x08004675   Thumb Code    12  lcd.o(i.LCD_SetBackColor)
    LCD_SetCursor                            0x08004685   Thumb Code    24  lcd.o(i.LCD_SetCursor)
    LCD_SetTextColor                         0x0800469d   Thumb Code    12  lcd.o(i.LCD_SetTextColor)
    LCD_WriteRAM                             0x080046ad   Thumb Code    80  lcd.o(i.LCD_WriteRAM)
    LCD_WriteRAM_Prepare                     0x08004705   Thumb Code    82  lcd.o(i.LCD_WriteRAM_Prepare)
    LCD_WriteReg                             0x08004761   Thumb Code   100  lcd.o(i.LCD_WriteReg)
    LED_Disp                                 0x080047cd   Thumb Code    54  led.o(i.LED_Disp)
    MX_ADC1_Init                             0x08004861   Thumb Code   136  adc.o(i.MX_ADC1_Init)
    MX_ADC2_Init                             0x080048f1   Thumb Code   110  adc.o(i.MX_ADC2_Init)
    MX_GPIO_Init                             0x0800496d   Thumb Code   282  gpio.o(i.MX_GPIO_Init)
    MX_RTC_Init                              0x08004a99   Thumb Code   142  rtc.o(i.MX_RTC_Init)
    MX_TIM16_Init                            0x08004b31   Thumb Code   144  tim.o(i.MX_TIM16_Init)
    MX_TIM1_Init                             0x08004bc9   Thumb Code   100  tim.o(i.MX_TIM1_Init)
    MX_TIM2_Init                             0x08004c35   Thumb Code   148  tim.o(i.MX_TIM2_Init)
    MX_TIM3_Init                             0x08004ccd   Thumb Code   142  tim.o(i.MX_TIM3_Init)
    MX_TIM4_Init                             0x08004d65   Thumb Code    96  tim.o(i.MX_TIM4_Init)
    MX_USART1_UART_Init                      0x08004dcd   Thumb Code    94  usart.o(i.MX_USART1_UART_Init)
    MemManage_Handler                        0x08004e35   Thumb Code     2  stm32g4xx_it.o(i.MemManage_Handler)
    NMI_Handler                              0x08004e37   Thumb Code     2  stm32g4xx_it.o(i.NMI_Handler)
    PendSV_Handler                           0x08004e39   Thumb Code     2  stm32g4xx_it.o(i.PendSV_Handler)
    REG_8230_Init                            0x08004e3b   Thumb Code   274  lcd.o(i.REG_8230_Init)
    REG_932X_Init                            0x08004f4d   Thumb Code   514  lcd.o(i.REG_932X_Init)
    RTC_Bcd2ToByte                           0x0800514f   Thumb Code    18  stm32g4xx_hal_rtc.o(i.RTC_Bcd2ToByte)
    RTC_ByteToBcd2                           0x08005161   Thumb Code    24  stm32g4xx_hal_rtc.o(i.RTC_ByteToBcd2)
    RTC_EnterInitMode                        0x08005179   Thumb Code    72  stm32g4xx_hal_rtc.o(i.RTC_EnterInitMode)
    RTC_ExitInitMode                         0x080051c5   Thumb Code    84  stm32g4xx_hal_rtc.o(i.RTC_ExitInitMode)
    SVC_Handler                              0x0800521d   Thumb Code     2  stm32g4xx_it.o(i.SVC_Handler)
    SysTick_Handler                          0x0800521f   Thumb Code     4  stm32g4xx_it.o(i.SysTick_Handler)
    SystemClock_Config                       0x08005225   Thumb Code   138  main.o(i.SystemClock_Config)
    SystemInit                               0x080052b5   Thumb Code    12  system_stm32g4xx.o(i.SystemInit)
    TIM1_BRK_TIM15_IRQHandler                0x080052c5   Thumb Code     6  stm32g4xx_it.o(i.TIM1_BRK_TIM15_IRQHandler)
    TIM2_IRQHandler                          0x080052d1   Thumb Code     6  stm32g4xx_it.o(i.TIM2_IRQHandler)
    TIM3_IRQHandler                          0x080052dd   Thumb Code     6  stm32g4xx_it.o(i.TIM3_IRQHandler)
    TIM4_IRQHandler                          0x080052e9   Thumb Code     6  stm32g4xx_it.o(i.TIM4_IRQHandler)
    TIM_Base_SetConfig                       0x080052f5   Thumb Code   146  stm32g4xx_hal_tim.o(i.TIM_Base_SetConfig)
    TIM_CCxChannelCmd                        0x080053a5   Thumb Code    26  stm32g4xx_hal_tim.o(i.TIM_CCxChannelCmd)
    TIM_ETR_SetConfig                        0x080053bf   Thumb Code    20  stm32g4xx_hal_tim.o(i.TIM_ETR_SetConfig)
    TIM_OC2_SetConfig                        0x08005485   Thumb Code   120  stm32g4xx_hal_tim.o(i.TIM_OC2_SetConfig)
    TIM_TI1_SetConfig                        0x08005739   Thumb Code    88  stm32g4xx_hal_tim.o(i.TIM_TI1_SetConfig)
    UART_AdvFeatureConfig                    0x08005845   Thumb Code   200  stm32g4xx_hal_uart.o(i.UART_AdvFeatureConfig)
    UART_CheckIdleState                      0x0800590d   Thumb Code    96  stm32g4xx_hal_uart.o(i.UART_CheckIdleState)
    UART_SetConfig                           0x08005d31   Thumb Code   582  stm32g4xx_hal_uart.o(i.UART_SetConfig)
    UART_Start_Receive_IT                    0x08005fa5   Thumb Code   198  stm32g4xx_hal_uart.o(i.UART_Start_Receive_IT)
    UART_WaitOnFlagUntilTimeout              0x0800607d   Thumb Code   164  stm32g4xx_hal_uart.o(i.UART_WaitOnFlagUntilTimeout)
    USART1_IRQHandler                        0x08006121   Thumb Code     6  stm32g4xx_it.o(i.USART1_IRQHandler)
    UsageFault_Handler                       0x0800612d   Thumb Code     2  stm32g4xx_it.o(i.UsageFault_Handler)
    __ARM_fpclassify                         0x0800612f   Thumb Code    48  fpclassify.o(i.__ARM_fpclassify)
    _is_digit                                0x0800617f   Thumb Code    14  __printf_wp.o(i._is_digit)
    getADC                                   0x0800618d   Thumb Code    50  badc.o(i.getADC)
    main                                     0x080061d1   Thumb Code   862  main.o(i.main)
    _get_lc_numeric                          0x08006675   Thumb Code    44  lc_numeric_c.o(locale$$code)
    __aeabi_dadd                             0x080066a1   Thumb Code     0  daddsub_clz.o(x$fpl$dadd)
    _dadd                                    0x080066a1   Thumb Code   332  daddsub_clz.o(x$fpl$dadd)
    __fpl_dcmp_Inf                           0x080067f1   Thumb Code    24  dcmpi.o(x$fpl$dcmpinf)
    __aeabi_ddiv                             0x08006809   Thumb Code     0  ddiv.o(x$fpl$ddiv)
    _ddiv                                    0x08006809   Thumb Code   552  ddiv.o(x$fpl$ddiv)
    __aeabi_d2uiz                            0x08006ab9   Thumb Code     0  dfixu.o(x$fpl$dfixu)
    _dfixu                                   0x08006ab9   Thumb Code    90  dfixu.o(x$fpl$dfixu)
    __aeabi_i2d                              0x08006b13   Thumb Code     0  dflt_clz.o(x$fpl$dflt)
    _dflt                                    0x08006b13   Thumb Code    46  dflt_clz.o(x$fpl$dflt)
    __aeabi_ui2d                             0x08006b41   Thumb Code     0  dflt_clz.o(x$fpl$dfltu)
    _dfltu                                   0x08006b41   Thumb Code    38  dflt_clz.o(x$fpl$dfltu)
    __aeabi_cdcmple                          0x08006b69   Thumb Code     0  dleqf.o(x$fpl$dleqf)
    _dcmple                                  0x08006b69   Thumb Code   120  dleqf.o(x$fpl$dleqf)
    __fpl_dcmple_InfNaN                      0x08006bcb   Thumb Code     0  dleqf.o(x$fpl$dleqf)
    __aeabi_dmul                             0x08006be1   Thumb Code     0  dmul.o(x$fpl$dmul)
    _dmul                                    0x08006be1   Thumb Code   332  dmul.o(x$fpl$dmul)
    __fpl_dnaninf                            0x08006d35   Thumb Code   156  dnaninf.o(x$fpl$dnaninf)
    __fpl_dretinf                            0x08006dd1   Thumb Code    12  dretinf.o(x$fpl$dretinf)
    __aeabi_cdrcmple                         0x08006ddd   Thumb Code     0  drleqf.o(x$fpl$drleqf)
    _drcmple                                 0x08006ddd   Thumb Code   108  drleqf.o(x$fpl$drleqf)
    __aeabi_dsub                             0x08006e49   Thumb Code     0  daddsub_clz.o(x$fpl$dsub)
    _dsub                                    0x08006e49   Thumb Code   464  daddsub_clz.o(x$fpl$dsub)
    _fp_init                                 0x0800701d   Thumb Code    10  fpinit.o(x$fpl$fpinit)
    __fplib_config_fpu_vfp                   0x08007025   Thumb Code     0  fpinit.o(x$fpl$fpinit)
    __fplib_config_pureend_doubles           0x08007025   Thumb Code     0  fpinit.o(x$fpl$fpinit)
    _printf_fp_dec                           0x08007027   Thumb Code     4  printf1.o(x$fpl$printf1)
    ASCII_Table                              0x0800702a   Data        4560  lcd.o(.constdata)
    __I$use$fp                               0x0800702a   Number         0  usenofp.o(x$fpl$usenofp)
    UARTPrescTable                           0x080081fa   Data          24  stm32g4xx_hal_uart.o(.constdata)
    AHBPrescTable                            0x08008222   Data          16  system_stm32g4xx.o(.constdata)
    APBPrescTable                            0x08008232   Data           8  system_stm32g4xx.o(.constdata)
    Region$$Table$$Base                      0x080082d0   Number         0  anon$$obj.o(Region$$Table)
    Region$$Table$$Limit                     0x080082f0   Number         0  anon$$obj.o(Region$$Table)
    menu_mode                                0x20000000   Data           1  main.o(.data)
    pwmmodecont                              0x20000001   Data           1  main.o(.data)
    pwmcontrlflag                            0x20000002   Data           1  main.o(.data)
    pwm_mode                                 0x20000008   Data           1  interrupt.o(.data)
    tim_cnt_20                               0x2000000a   Data           2  interrupt.o(.data)
    tim_cnt_15                               0x2000000c   Data           2  interrupt.o(.data)
    tim_cnt_10                               0x2000000e   Data           2  interrupt.o(.data)
    tim_cnt_50                               0x20000010   Data           2  interrupt.o(.data)
    pwm_cont_num                             0x20000012   Data           2  interrupt.o(.data)
    arr                                      0x20000014   Data           2  interrupt.o(.data)
    tim_val                                  0x20000016   Data           2  interrupt.o(.data)
    judge_state                              0x20000018   Data           4  interrupt.o(.data)
    double_click_time                        0x2000001c   Data           4  interrupt.o(.data)
    key_state                                0x20000020   Data           4  interrupt.o(.data)
    double_click_timerEN                     0x20000024   Data           4  interrupt.o(.data)
    single_key_flag                          0x20000028   Data           4  interrupt.o(.data)
    double_key_flag                          0x2000002c   Data           4  interrupt.o(.data)
    long_key_flag                            0x20000030   Data           4  interrupt.o(.data)
    frq                                      0x20000034   Data           4  interrupt.o(.data)
    R_num                                    0x20000038   Data           4  interrupt.o(.data)
    K_num                                    0x2000003c   Data           4  interrupt.o(.data)
    pwm_cont                                 0x20000040   Data           8  interrupt.o(.data)
    frq2v                                    0x20000048   Data           8  interrupt.o(.data)
    Hfrq2v                                   0x20000050   Data           8  interrupt.o(.data)
    Lfrq2v                                   0x20000058   Data           8  interrupt.o(.data)
    get_adc_value                            0x20000060   Data           8  interrupt.o(.data)
    RK_mode                                  0x20000068   Data           1  interrupt.o(.data)
    dummy                                    0x2000006e   Data           2  lcd.o(.data)
    uwTickPrio                               0x20000070   Data           4  stm32g4xx_hal.o(.data)
    uwTickFreq                               0x20000074   Data           4  stm32g4xx_hal.o(.data)
    uwTick                                   0x20000078   Data           4  stm32g4xx_hal.o(.data)
    SystemCoreClock                          0x2000007c   Data           4  system_stm32g4xx.o(.data)
    hadc1                                    0x20000080   Data         108  adc.o(.bss)
    hadc2                                    0x200000ec   Data         108  adc.o(.bss)
    hrtc                                     0x20000158   Data          40  rtc.o(.bss)
    htim1                                    0x20000180   Data          76  tim.o(.bss)
    htim2                                    0x200001cc   Data          76  tim.o(.bss)
    htim3                                    0x20000218   Data          76  tim.o(.bss)
    htim4                                    0x20000264   Data          76  tim.o(.bss)
    htim16                                   0x200002b0   Data          76  tim.o(.bss)
    huart1                                   0x200002fc   Data         144  usart.o(.bss)
    key_time                                 0x2000038c   Data          16  interrupt.o(.bss)
    rx                                       0x2000039c   Data         100  interrupt.o(.bss)
    __libspace_start                         0x20000400   Data          96  libspace.o(.bss)
    __temporary_stack_top$libspace           0x20000460   Data           0  libspace.o(.bss)



==============================================================================

Memory Map of the image

  Image Entry point : 0x080001d9

  Load Region LR_IROM1 (Base: 0x08000000, Size: 0x0000838c, Max: 0x00020000, ABSOLUTE)

    Execution Region ER_IROM1 (Exec base: 0x08000000, Load base: 0x08000000, Size: 0x0000830c, Max: 0x00020000, ABSOLUTE)

    Exec Addr    Load Addr    Size         Type   Attr      Idx    E Section Name        Object

    0x08000000   0x08000000   0x000001d8   Data   RO            3    RESET               startup_stm32g431xx.o
    0x080001d8   0x080001d8   0x00000008   Code   RO         5168  * !!!main             c_w.l(__main.o)
    0x080001e0   0x080001e0   0x00000034   Code   RO         5428    !!!scatter          c_w.l(__scatter.o)
    0x08000214   0x08000214   0x0000001a   Code   RO         5430    !!handler_copy      c_w.l(__scatter_copy.o)
    0x0800022e   0x0800022e   0x00000002   PAD
    0x08000230   0x08000230   0x0000001c   Code   RO         5432    !!handler_zi        c_w.l(__scatter_zi.o)
    0x0800024c   0x0800024c   0x00000000   Code   RO         5163    .ARM.Collect$$_printf_percent$$00000000  c_w.l(_printf_percent.o)
    0x0800024c   0x0800024c   0x00000006   Code   RO         5162    .ARM.Collect$$_printf_percent$$00000003  c_w.l(_printf_f.o)
    0x08000252   0x08000252   0x00000006   Code   RO         5161    .ARM.Collect$$_printf_percent$$00000009  c_w.l(_printf_d.o)
    0x08000258   0x08000258   0x00000006   Code   RO         5160    .ARM.Collect$$_printf_percent$$00000013  c_w.l(_printf_c.o)
    0x0800025e   0x0800025e   0x00000004   Code   RO         5213    .ARM.Collect$$_printf_percent$$00000017  c_w.l(_printf_percent_end.o)
    0x08000262   0x08000262   0x00000002   Code   RO         5299    .ARM.Collect$$libinit$$00000000  c_w.l(libinit.o)
    0x08000264   0x08000264   0x00000004   Code   RO         5300    .ARM.Collect$$libinit$$00000001  c_w.l(libinit2.o)
    0x08000268   0x08000268   0x00000000   Code   RO         5303    .ARM.Collect$$libinit$$00000004  c_w.l(libinit2.o)
    0x08000268   0x08000268   0x00000000   Code   RO         5306    .ARM.Collect$$libinit$$0000000A  c_w.l(libinit2.o)
    0x08000268   0x08000268   0x00000000   Code   RO         5308    .ARM.Collect$$libinit$$0000000C  c_w.l(libinit2.o)
    0x08000268   0x08000268   0x00000000   Code   RO         5310    .ARM.Collect$$libinit$$0000000E  c_w.l(libinit2.o)
    0x08000268   0x08000268   0x00000006   Code   RO         5311    .ARM.Collect$$libinit$$0000000F  c_w.l(libinit2.o)
    0x0800026e   0x0800026e   0x00000000   Code   RO         5313    .ARM.Collect$$libinit$$00000011  c_w.l(libinit2.o)
    0x0800026e   0x0800026e   0x00000000   Code   RO         5315    .ARM.Collect$$libinit$$00000013  c_w.l(libinit2.o)
    0x0800026e   0x0800026e   0x00000000   Code   RO         5317    .ARM.Collect$$libinit$$00000015  c_w.l(libinit2.o)
    0x0800026e   0x0800026e   0x0000000a   Code   RO         5318    .ARM.Collect$$libinit$$00000016  c_w.l(libinit2.o)
    0x08000278   0x08000278   0x00000000   Code   RO         5319    .ARM.Collect$$libinit$$00000017  c_w.l(libinit2.o)
    0x08000278   0x08000278   0x00000000   Code   RO         5321    .ARM.Collect$$libinit$$00000019  c_w.l(libinit2.o)
    0x08000278   0x08000278   0x00000000   Code   RO         5323    .ARM.Collect$$libinit$$0000001B  c_w.l(libinit2.o)
    0x08000278   0x08000278   0x00000000   Code   RO         5325    .ARM.Collect$$libinit$$0000001D  c_w.l(libinit2.o)
    0x08000278   0x08000278   0x00000000   Code   RO         5327    .ARM.Collect$$libinit$$0000001F  c_w.l(libinit2.o)
    0x08000278   0x08000278   0x00000000   Code   RO         5329    .ARM.Collect$$libinit$$00000021  c_w.l(libinit2.o)
    0x08000278   0x08000278   0x00000000   Code   RO         5331    .ARM.Collect$$libinit$$00000023  c_w.l(libinit2.o)
    0x08000278   0x08000278   0x00000000   Code   RO         5333    .ARM.Collect$$libinit$$00000025  c_w.l(libinit2.o)
    0x08000278   0x08000278   0x00000000   Code   RO         5337    .ARM.Collect$$libinit$$0000002C  c_w.l(libinit2.o)
    0x08000278   0x08000278   0x00000000   Code   RO         5339    .ARM.Collect$$libinit$$0000002E  c_w.l(libinit2.o)
    0x08000278   0x08000278   0x00000000   Code   RO         5341    .ARM.Collect$$libinit$$00000030  c_w.l(libinit2.o)
    0x08000278   0x08000278   0x00000000   Code   RO         5343    .ARM.Collect$$libinit$$00000032  c_w.l(libinit2.o)
    0x08000278   0x08000278   0x00000002   Code   RO         5344    .ARM.Collect$$libinit$$00000033  c_w.l(libinit2.o)
    0x0800027a   0x0800027a   0x00000002   Code   RO         5391    .ARM.Collect$$libshutdown$$00000000  c_w.l(libshutdown.o)
    0x0800027c   0x0800027c   0x00000000   Code   RO         5409    .ARM.Collect$$libshutdown$$00000002  c_w.l(libshutdown2.o)
    0x0800027c   0x0800027c   0x00000000   Code   RO         5411    .ARM.Collect$$libshutdown$$00000004  c_w.l(libshutdown2.o)
    0x0800027c   0x0800027c   0x00000000   Code   RO         5413    .ARM.Collect$$libshutdown$$00000006  c_w.l(libshutdown2.o)
    0x0800027c   0x0800027c   0x00000000   Code   RO         5416    .ARM.Collect$$libshutdown$$00000009  c_w.l(libshutdown2.o)
    0x0800027c   0x0800027c   0x00000000   Code   RO         5419    .ARM.Collect$$libshutdown$$0000000C  c_w.l(libshutdown2.o)
    0x0800027c   0x0800027c   0x00000000   Code   RO         5421    .ARM.Collect$$libshutdown$$0000000E  c_w.l(libshutdown2.o)
    0x0800027c   0x0800027c   0x00000000   Code   RO         5424    .ARM.Collect$$libshutdown$$00000011  c_w.l(libshutdown2.o)
    0x0800027c   0x0800027c   0x00000002   Code   RO         5425    .ARM.Collect$$libshutdown$$00000012  c_w.l(libshutdown2.o)
    0x0800027e   0x0800027e   0x00000000   Code   RO         5198    .ARM.Collect$$rtentry$$00000000  c_w.l(__rtentry.o)
    0x0800027e   0x0800027e   0x00000000   Code   RO         5222    .ARM.Collect$$rtentry$$00000002  c_w.l(__rtentry2.o)
    0x0800027e   0x0800027e   0x00000006   Code   RO         5234    .ARM.Collect$$rtentry$$00000004  c_w.l(__rtentry4.o)
    0x08000284   0x08000284   0x00000000   Code   RO         5224    .ARM.Collect$$rtentry$$00000009  c_w.l(__rtentry2.o)
    0x08000284   0x08000284   0x00000004   Code   RO         5225    .ARM.Collect$$rtentry$$0000000A  c_w.l(__rtentry2.o)
    0x08000288   0x08000288   0x00000000   Code   RO         5227    .ARM.Collect$$rtentry$$0000000C  c_w.l(__rtentry2.o)
    0x08000288   0x08000288   0x00000008   Code   RO         5228    .ARM.Collect$$rtentry$$0000000D  c_w.l(__rtentry2.o)
    0x08000290   0x08000290   0x00000002   Code   RO         5345    .ARM.Collect$$rtexit$$00000000  c_w.l(rtexit.o)
    0x08000292   0x08000292   0x00000000   Code   RO         5360    .ARM.Collect$$rtexit$$00000002  c_w.l(rtexit2.o)
    0x08000292   0x08000292   0x00000004   Code   RO         5361    .ARM.Collect$$rtexit$$00000003  c_w.l(rtexit2.o)
    0x08000296   0x08000296   0x00000006   Code   RO         5362    .ARM.Collect$$rtexit$$00000004  c_w.l(rtexit2.o)
    0x0800029c   0x0800029c   0x00000040   Code   RO            4    .text               startup_stm32g431xx.o
    0x080002dc   0x080002dc   0x000000ee   Code   RO         5128    .text               c_w.l(lludivv7m.o)
    0x080003ca   0x080003ca   0x00000002   PAD
    0x080003cc   0x080003cc   0x00000028   Code   RO         5132    .text               c_w.l(noretval__2sprintf.o)
    0x080003f4   0x080003f4   0x00000052   Code   RO         5136    .text               c_w.l(_printf_str.o)
    0x08000446   0x08000446   0x00000002   PAD
    0x08000448   0x08000448   0x00000078   Code   RO         5138    .text               c_w.l(_printf_dec.o)
    0x080004c0   0x080004c0   0x0000010e   Code   RO         5148    .text               c_w.l(__printf_wp.o)
    0x080005ce   0x080005ce   0x0000004e   Code   RO         5164    .text               c_w.l(rt_memclr_w.o)
    0x0800061c   0x0800061c   0x00000006   Code   RO         5166    .text               c_w.l(heapauxi.o)
    0x08000622   0x08000622   0x000000b2   Code   RO         5203    .text               c_w.l(_printf_intcommon.o)
    0x080006d4   0x080006d4   0x0000041e   Code   RO         5205    .text               c_w.l(_printf_fp_dec.o)
    0x08000af2   0x08000af2   0x00000002   PAD
    0x08000af4   0x08000af4   0x00000030   Code   RO         5207    .text               c_w.l(_printf_char_common.o)
    0x08000b24   0x08000b24   0x0000000a   Code   RO         5209    .text               c_w.l(_sputc.o)
    0x08000b2e   0x08000b2e   0x0000002c   Code   RO         5211    .text               c_w.l(_printf_char.o)
    0x08000b5a   0x08000b5a   0x00000002   PAD
    0x08000b5c   0x08000b5c   0x00000008   Code   RO         5241    .text               c_w.l(rt_locale_intlibspace.o)
    0x08000b64   0x08000b64   0x0000008a   Code   RO         5243    .text               c_w.l(lludiv10.o)
    0x08000bee   0x08000bee   0x00000002   PAD
    0x08000bf0   0x08000bf0   0x00000080   Code   RO         5245    .text               c_w.l(_printf_fp_infnan.o)
    0x08000c70   0x08000c70   0x000000e4   Code   RO         5249    .text               c_w.l(bigflt0.o)
    0x08000d54   0x08000d54   0x00000008   Code   RO         5281    .text               c_w.l(libspace.o)
    0x08000d5c   0x08000d5c   0x0000004a   Code   RO         5284    .text               c_w.l(sys_stackheap_outer.o)
    0x08000da6   0x08000da6   0x00000012   Code   RO         5286    .text               c_w.l(exit.o)
    0x08000db8   0x08000db8   0x00000080   Code   RO         5292    .text               c_w.l(strcmpv7m.o)
    0x08000e38   0x08000e38   0x0000000c   Code   RO         5357    .text               c_w.l(sys_exit.o)
    0x08000e44   0x08000e44   0x00000002   Code   RO         5378    .text               c_w.l(use_no_semi.o)
    0x08000e46   0x08000e46   0x00000000   Code   RO         5380    .text               c_w.l(indicate_semi.o)
    0x08000e46   0x08000e46   0x0000003e   Code   RO         5252    CL$$btod_d2e        c_w.l(btod.o)
    0x08000e84   0x08000e84   0x00000046   Code   RO         5254    CL$$btod_d2e_denorm_low  c_w.l(btod.o)
    0x08000eca   0x08000eca   0x00000060   Code   RO         5253    CL$$btod_d2e_norm_op1  c_w.l(btod.o)
    0x08000f2a   0x08000f2a   0x00000338   Code   RO         5262    CL$$btod_div_common  c_w.l(btod.o)
    0x08001262   0x08001262   0x000000dc   Code   RO         5259    CL$$btod_e2e        c_w.l(btod.o)
    0x0800133e   0x0800133e   0x0000002a   Code   RO         5256    CL$$btod_ediv       c_w.l(btod.o)
    0x08001368   0x08001368   0x0000002a   Code   RO         5255    CL$$btod_emul       c_w.l(btod.o)
    0x08001392   0x08001392   0x00000244   Code   RO         5261    CL$$btod_mult_common  c_w.l(btod.o)
    0x080015d6   0x080015d6   0x00000002   PAD
    0x080015d8   0x080015d8   0x00000074   Code   RO         1042    i.ADC_Enable        stm32g4xx_hal_adc.o
    0x0800164c   0x0800164c   0x00000002   Code   RO          456    i.BusFault_Handler  stm32g4xx_it.o
    0x0800164e   0x0800164e   0x00000002   Code   RO          457    i.DebugMon_Handler  stm32g4xx_it.o
    0x08001650   0x08001650   0x0000001c   Code   RO          668    i.Delay_LCD         lcd.o
    0x0800166c   0x0800166c   0x00000004   Code   RO           13    i.Error_Handler     main.o
    0x08001670   0x08001670   0x000000d8   Code   RO         1292    i.HAL_ADCEx_MultiModeConfigChannel  stm32g4xx_hal_adc_ex.o
    0x08001748   0x08001748   0x00000424   Code   RO         1044    i.HAL_ADC_ConfigChannel  stm32g4xx_hal_adc.o
    0x08001b6c   0x08001b6c   0x00000006   Code   RO         1051    i.HAL_ADC_GetValue  stm32g4xx_hal_adc.o
    0x08001b72   0x08001b72   0x00000002   PAD
    0x08001b74   0x08001b74   0x000001fc   Code   RO         1053    i.HAL_ADC_Init      stm32g4xx_hal_adc.o
    0x08001d70   0x08001d70   0x000000a4   Code   RO          252    i.HAL_ADC_MspInit   adc.o
    0x08001e14   0x08001e14   0x000000f4   Code   RO         1059    i.HAL_ADC_Start     stm32g4xx_hal_adc.o
    0x08001f08   0x08001f08   0x0000006a   Code   RO         2320    i.HAL_DMA_Abort     stm32g4xx_hal_dma.o
    0x08001f72   0x08001f72   0x00000078   Code   RO         2321    i.HAL_DMA_Abort_IT  stm32g4xx_hal_dma.o
    0x08001fea   0x08001fea   0x00000002   PAD
    0x08001fec   0x08001fec   0x00000024   Code   RO         1491    i.HAL_Delay         stm32g4xx_hal.o
    0x08002010   0x08002010   0x000001c8   Code   RO         2182    i.HAL_GPIO_Init     stm32g4xx_hal_gpio.o
    0x080021d8   0x080021d8   0x0000000a   Code   RO         2184    i.HAL_GPIO_ReadPin  stm32g4xx_hal_gpio.o
    0x080021e2   0x080021e2   0x0000000a   Code   RO         2186    i.HAL_GPIO_WritePin  stm32g4xx_hal_gpio.o
    0x080021ec   0x080021ec   0x0000000c   Code   RO         1495    i.HAL_GetTick       stm32g4xx_hal.o
    0x080021f8   0x080021f8   0x00000010   Code   RO         1498    i.HAL_IncTick       stm32g4xx_hal.o
    0x08002208   0x08002208   0x0000001e   Code   RO         1499    i.HAL_Init          stm32g4xx_hal.o
    0x08002226   0x08002226   0x00000002   PAD
    0x08002228   0x08002228   0x00000044   Code   RO         1500    i.HAL_InitTick      stm32g4xx_hal.o
    0x0800226c   0x0800226c   0x00000030   Code   RO          562    i.HAL_MspInit       stm32g4xx_hal_msp.o
    0x0800229c   0x0800229c   0x0000001a   Code   RO         2829    i.HAL_NVIC_EnableIRQ  stm32g4xx_hal_cortex.o
    0x080022b6   0x080022b6   0x00000002   PAD
    0x080022b8   0x080022b8   0x00000040   Code   RO         2835    i.HAL_NVIC_SetPriority  stm32g4xx_hal_cortex.o
    0x080022f8   0x080022f8   0x00000024   Code   RO         2836    i.HAL_NVIC_SetPriorityGrouping  stm32g4xx_hal_cortex.o
    0x0800231c   0x0800231c   0x000000bc   Code   RO         2585    i.HAL_PWREx_ControlVoltageScaling  stm32g4xx_hal_pwr_ex.o
    0x080023d8   0x080023d8   0x00000010   Code   RO         2597    i.HAL_PWREx_DisableUCPDDeadBattery  stm32g4xx_hal_pwr_ex.o
    0x080023e8   0x080023e8   0x00000288   Code   RO         1844    i.HAL_RCCEx_PeriphCLKConfig  stm32g4xx_hal_rcc_ex.o
    0x08002670   0x08002670   0x000001dc   Code   RO         1719    i.HAL_RCC_ClockConfig  stm32g4xx_hal_rcc.o
    0x0800284c   0x0800284c   0x00000024   Code   RO         1727    i.HAL_RCC_GetPCLK1Freq  stm32g4xx_hal_rcc.o
    0x08002870   0x08002870   0x00000024   Code   RO         1728    i.HAL_RCC_GetPCLK2Freq  stm32g4xx_hal_rcc.o
    0x08002894   0x08002894   0x00000070   Code   RO         1729    i.HAL_RCC_GetSysClockFreq  stm32g4xx_hal_rcc.o
    0x08002904   0x08002904   0x0000040c   Code   RO         1732    i.HAL_RCC_OscConfig  stm32g4xx_hal_rcc.o
    0x08002d10   0x08002d10   0x00000048   Code   RO         2969    i.HAL_RTC_GetDate   stm32g4xx_hal_rtc.o
    0x08002d58   0x08002d58   0x0000005c   Code   RO         2971    i.HAL_RTC_GetTime   stm32g4xx_hal_rtc.o
    0x08002db4   0x08002db4   0x00000094   Code   RO         2972    i.HAL_RTC_Init      stm32g4xx_hal_rtc.o
    0x08002e48   0x08002e48   0x00000020   Code   RO          301    i.HAL_RTC_MspInit   rtc.o
    0x08002e68   0x08002e68   0x000000a8   Code   RO         2978    i.HAL_RTC_SetDate   stm32g4xx_hal_rtc.o
    0x08002f10   0x08002f10   0x000000d0   Code   RO         2979    i.HAL_RTC_SetTime   stm32g4xx_hal_rtc.o
    0x08002fe0   0x08002fe0   0x00000034   Code   RO         2980    i.HAL_RTC_WaitForSynchro  stm32g4xx_hal_rtc.o
    0x08003014   0x08003014   0x00000028   Code   RO         2840    i.HAL_SYSTICK_Config  stm32g4xx_hal_cortex.o
    0x0800303c   0x0800303c   0x00000002   Code   RO         4130    i.HAL_TIMEx_Break2Callback  stm32g4xx_hal_tim_ex.o
    0x0800303e   0x0800303e   0x00000002   Code   RO         4131    i.HAL_TIMEx_BreakCallback  stm32g4xx_hal_tim_ex.o
    0x08003040   0x08003040   0x00000002   Code   RO         4132    i.HAL_TIMEx_CommutCallback  stm32g4xx_hal_tim_ex.o
    0x08003042   0x08003042   0x00000002   PAD
    0x08003044   0x08003044   0x000000ac   Code   RO         4135    i.HAL_TIMEx_ConfigBreakDeadTime  stm32g4xx_hal_tim_ex.o
    0x080030f0   0x080030f0   0x00000002   Code   RO         4143    i.HAL_TIMEx_DirectionChangeCallback  stm32g4xx_hal_tim_ex.o
    0x080030f2   0x080030f2   0x00000002   Code   RO         4157    i.HAL_TIMEx_EncoderIndexCallback  stm32g4xx_hal_tim_ex.o
    0x080030f4   0x080030f4   0x00000002   Code   RO         4171    i.HAL_TIMEx_IndexErrorCallback  stm32g4xx_hal_tim_ex.o
    0x080030f6   0x080030f6   0x00000002   PAD
    0x080030f8   0x080030f8   0x0000009c   Code   RO         4172    i.HAL_TIMEx_MasterConfigSynchronization  stm32g4xx_hal_tim_ex.o
    0x08003194   0x08003194   0x00000002   Code   RO         4193    i.HAL_TIMEx_TransitionErrorCallback  stm32g4xx_hal_tim_ex.o
    0x08003196   0x08003196   0x00000062   Code   RO         3416    i.HAL_TIM_Base_Init  stm32g4xx_hal_tim.o
    0x080031f8   0x080031f8   0x00000124   Code   RO          343    i.HAL_TIM_Base_MspInit  tim.o
    0x0800331c   0x0800331c   0x00000078   Code   RO         3421    i.HAL_TIM_Base_Start_IT  stm32g4xx_hal_tim.o
    0x08003394   0x08003394   0x000000f8   Code   RO         3425    i.HAL_TIM_ConfigClockSource  stm32g4xx_hal_tim.o
    0x0800348c   0x0800348c   0x000000d4   Code   RO          613    i.HAL_TIM_IC_CaptureCallback  interrupt.o
    0x08003560   0x08003560   0x0000010e   Code   RO         3452    i.HAL_TIM_IC_ConfigChannel  stm32g4xx_hal_tim.o
    0x0800366e   0x0800366e   0x00000062   Code   RO         3455    i.HAL_TIM_IC_Init   stm32g4xx_hal_tim.o
    0x080036d0   0x080036d0   0x00000002   Code   RO         3457    i.HAL_TIM_IC_MspInit  stm32g4xx_hal_tim.o
    0x080036d2   0x080036d2   0x00000002   PAD
    0x080036d4   0x080036d4   0x00000128   Code   RO         3460    i.HAL_TIM_IC_Start_IT  stm32g4xx_hal_tim.o
    0x080037fc   0x080037fc   0x000001fc   Code   RO         3464    i.HAL_TIM_IRQHandler  stm32g4xx_hal_tim.o
    0x080039f8   0x080039f8   0x00000074   Code   RO          344    i.HAL_TIM_MspPostInit  tim.o
    0x08003a6c   0x08003a6c   0x00000002   Code   RO         3467    i.HAL_TIM_OC_DelayElapsedCallback  stm32g4xx_hal_tim.o
    0x08003a6e   0x08003a6e   0x0000011e   Code   RO         3488    i.HAL_TIM_PWM_ConfigChannel  stm32g4xx_hal_tim.o
    0x08003b8c   0x08003b8c   0x00000062   Code   RO         3491    i.HAL_TIM_PWM_Init  stm32g4xx_hal_tim.o
    0x08003bee   0x08003bee   0x00000002   Code   RO         3493    i.HAL_TIM_PWM_MspInit  stm32g4xx_hal_tim.o
    0x08003bf0   0x08003bf0   0x00000002   Code   RO         3494    i.HAL_TIM_PWM_PulseFinishedCallback  stm32g4xx_hal_tim.o
    0x08003bf2   0x08003bf2   0x00000002   PAD
    0x08003bf4   0x08003bf4   0x000000fc   Code   RO         3496    i.HAL_TIM_PWM_Start  stm32g4xx_hal_tim.o
    0x08003cf0   0x08003cf0   0x0000026c   Code   RO          614    i.HAL_TIM_PeriodElapsedCallback  interrupt.o
    0x08003f5c   0x08003f5c   0x00000002   Code   RO         3507    i.HAL_TIM_TriggerCallback  stm32g4xx_hal_tim.o
    0x08003f5e   0x08003f5e   0x0000003e   Code   RO         4979    i.HAL_UARTEx_DisableFifoMode  stm32g4xx_hal_uart_ex.o
    0x08003f9c   0x08003f9c   0x00000002   Code   RO         4568    i.HAL_UARTEx_RxEventCallback  stm32g4xx_hal_uart.o
    0x08003f9e   0x08003f9e   0x00000002   Code   RO         4986    i.HAL_UARTEx_RxFifoFullCallback  stm32g4xx_hal_uart_ex.o
    0x08003fa0   0x08003fa0   0x0000004c   Code   RO         4987    i.HAL_UARTEx_SetRxFifoThreshold  stm32g4xx_hal_uart_ex.o
    0x08003fec   0x08003fec   0x0000004c   Code   RO         4988    i.HAL_UARTEx_SetTxFifoThreshold  stm32g4xx_hal_uart_ex.o
    0x08004038   0x08004038   0x00000002   Code   RO         4990    i.HAL_UARTEx_TxFifoEmptyCallback  stm32g4xx_hal_uart_ex.o
    0x0800403a   0x0800403a   0x00000002   Code   RO         4991    i.HAL_UARTEx_WakeupCallback  stm32g4xx_hal_uart_ex.o
    0x0800403c   0x0800403c   0x00000002   Code   RO         4584    i.HAL_UART_ErrorCallback  stm32g4xx_hal_uart.o
    0x0800403e   0x0800403e   0x00000002   PAD
    0x08004040   0x08004040   0x00000284   Code   RO         4587    i.HAL_UART_IRQHandler  stm32g4xx_hal_uart.o
    0x080042c4   0x080042c4   0x0000006a   Code   RO         4588    i.HAL_UART_Init     stm32g4xx_hal_uart.o
    0x0800432e   0x0800432e   0x00000002   PAD
    0x08004330   0x08004330   0x00000074   Code   RO          415    i.HAL_UART_MspInit  usart.o
    0x080043a4   0x080043a4   0x0000004c   Code   RO         4593    i.HAL_UART_Receive_IT  stm32g4xx_hal_uart.o
    0x080043f0   0x080043f0   0x00000020   Code   RO          615    i.HAL_UART_RxCpltCallback  interrupt.o
    0x08004410   0x08004410   0x00000002   Code   RO         4600    i.HAL_UART_TxCpltCallback  stm32g4xx_hal_uart.o
    0x08004412   0x08004412   0x00000002   Code   RO          458    i.HardFault_Handler  stm32g4xx_it.o
    0x08004414   0x08004414   0x0000002c   Code   RO          669    i.LCD_BusIn         lcd.o
    0x08004440   0x08004440   0x00000030   Code   RO          670    i.LCD_BusOut        lcd.o
    0x08004470   0x08004470   0x00000024   Code   RO          671    i.LCD_Clear         lcd.o
    0x08004494   0x08004494   0x00000090   Code   RO          673    i.LCD_CtrlLinesConfig  lcd.o
    0x08004524   0x08004524   0x00000018   Code   RO          674    i.LCD_DisplayChar   lcd.o
    0x0800453c   0x0800453c   0x0000002a   Code   RO          677    i.LCD_DisplayStringLine  lcd.o
    0x08004566   0x08004566   0x00000002   PAD
    0x08004568   0x08004568   0x00000058   Code   RO          678    i.LCD_DrawChar      lcd.o
    0x080045c0   0x080045c0   0x00000034   Code   RO          684    i.LCD_Init          lcd.o
    0x080045f4   0x080045f4   0x00000080   Code   RO          687    i.LCD_ReadReg       lcd.o
    0x08004674   0x08004674   0x00000010   Code   RO          688    i.LCD_SetBackColor  lcd.o
    0x08004684   0x08004684   0x00000018   Code   RO          689    i.LCD_SetCursor     lcd.o
    0x0800469c   0x0800469c   0x00000010   Code   RO          691    i.LCD_SetTextColor  lcd.o
    0x080046ac   0x080046ac   0x00000058   Code   RO          694    i.LCD_WriteRAM      lcd.o
    0x08004704   0x08004704   0x0000005c   Code   RO          695    i.LCD_WriteRAM_Prepare  lcd.o
    0x08004760   0x08004760   0x0000006c   Code   RO          696    i.LCD_WriteReg      lcd.o
    0x080047cc   0x080047cc   0x00000040   Code   RO          586    i.LED_Disp          led.o
    0x0800480c   0x0800480c   0x0000000c   Code   RO         1067    i.LL_ADC_GetOffsetChannel  stm32g4xx_hal_adc.o
    0x08004818   0x08004818   0x00000008   Code   RO         1068    i.LL_ADC_INJ_IsConversionOngoing  stm32g4xx_hal_adc.o
    0x08004820   0x08004820   0x00000008   Code   RO         1069    i.LL_ADC_REG_IsConversionOngoing  stm32g4xx_hal_adc.o
    0x08004828   0x08004828   0x00000008   Code   RO         1302    i.LL_ADC_REG_IsConversionOngoing  stm32g4xx_hal_adc_ex.o
    0x08004830   0x08004830   0x0000001e   Code   RO         1072    i.LL_ADC_SetChannelSamplingTime  stm32g4xx_hal_adc.o
    0x0800484e   0x0800484e   0x00000010   Code   RO         1073    i.LL_ADC_SetOffsetState  stm32g4xx_hal_adc.o
    0x0800485e   0x0800485e   0x00000002   PAD
    0x08004860   0x08004860   0x00000090   Code   RO          253    i.MX_ADC1_Init      adc.o
    0x080048f0   0x080048f0   0x0000007c   Code   RO          254    i.MX_ADC2_Init      adc.o
    0x0800496c   0x0800496c   0x0000012c   Code   RO          227    i.MX_GPIO_Init      gpio.o
    0x08004a98   0x08004a98   0x00000098   Code   RO          302    i.MX_RTC_Init       rtc.o
    0x08004b30   0x08004b30   0x00000098   Code   RO          345    i.MX_TIM16_Init     tim.o
    0x08004bc8   0x08004bc8   0x0000006c   Code   RO          346    i.MX_TIM1_Init      tim.o
    0x08004c34   0x08004c34   0x00000098   Code   RO          347    i.MX_TIM2_Init      tim.o
    0x08004ccc   0x08004ccc   0x00000098   Code   RO          348    i.MX_TIM3_Init      tim.o
    0x08004d64   0x08004d64   0x00000068   Code   RO          349    i.MX_TIM4_Init      tim.o
    0x08004dcc   0x08004dcc   0x00000068   Code   RO          416    i.MX_USART1_UART_Init  usart.o
    0x08004e34   0x08004e34   0x00000002   Code   RO          459    i.MemManage_Handler  stm32g4xx_it.o
    0x08004e36   0x08004e36   0x00000002   Code   RO          460    i.NMI_Handler       stm32g4xx_it.o
    0x08004e38   0x08004e38   0x00000002   Code   RO          461    i.PendSV_Handler    stm32g4xx_it.o
    0x08004e3a   0x08004e3a   0x00000112   Code   RO          697    i.REG_8230_Init     lcd.o
    0x08004f4c   0x08004f4c   0x00000202   Code   RO          698    i.REG_932X_Init     lcd.o
    0x0800514e   0x0800514e   0x00000012   Code   RO         2981    i.RTC_Bcd2ToByte    stm32g4xx_hal_rtc.o
    0x08005160   0x08005160   0x00000018   Code   RO         2982    i.RTC_ByteToBcd2    stm32g4xx_hal_rtc.o
    0x08005178   0x08005178   0x0000004c   Code   RO         2983    i.RTC_EnterInitMode  stm32g4xx_hal_rtc.o
    0x080051c4   0x080051c4   0x00000058   Code   RO         2984    i.RTC_ExitInitMode  stm32g4xx_hal_rtc.o
    0x0800521c   0x0800521c   0x00000002   Code   RO          462    i.SVC_Handler       stm32g4xx_it.o
    0x0800521e   0x0800521e   0x00000004   Code   RO          463    i.SysTick_Handler   stm32g4xx_it.o
    0x08005222   0x08005222   0x00000002   PAD
    0x08005224   0x08005224   0x00000090   Code   RO           14    i.SystemClock_Config  main.o
    0x080052b4   0x080052b4   0x00000010   Code   RO         5092    i.SystemInit        system_stm32g4xx.o
    0x080052c4   0x080052c4   0x0000000c   Code   RO          464    i.TIM1_BRK_TIM15_IRQHandler  stm32g4xx_it.o
    0x080052d0   0x080052d0   0x0000000c   Code   RO          465    i.TIM2_IRQHandler   stm32g4xx_it.o
    0x080052dc   0x080052dc   0x0000000c   Code   RO          466    i.TIM3_IRQHandler   stm32g4xx_it.o
    0x080052e8   0x080052e8   0x0000000c   Code   RO          467    i.TIM4_IRQHandler   stm32g4xx_it.o
    0x080052f4   0x080052f4   0x000000b0   Code   RO         3509    i.TIM_Base_SetConfig  stm32g4xx_hal_tim.o
    0x080053a4   0x080053a4   0x0000001a   Code   RO         3510    i.TIM_CCxChannelCmd  stm32g4xx_hal_tim.o
    0x080053be   0x080053be   0x00000014   Code   RO         3520    i.TIM_ETR_SetConfig  stm32g4xx_hal_tim.o
    0x080053d2   0x080053d2   0x00000002   PAD
    0x080053d4   0x080053d4   0x00000014   Code   RO         3521    i.TIM_ITRx_SetConfig  stm32g4xx_hal_tim.o
    0x080053e8   0x080053e8   0x0000009c   Code   RO         3522    i.TIM_OC1_SetConfig  stm32g4xx_hal_tim.o
    0x08005484   0x08005484   0x00000090   Code   RO         3523    i.TIM_OC2_SetConfig  stm32g4xx_hal_tim.o
    0x08005514   0x08005514   0x00000090   Code   RO         3524    i.TIM_OC3_SetConfig  stm32g4xx_hal_tim.o
    0x080055a4   0x080055a4   0x00000090   Code   RO         3525    i.TIM_OC4_SetConfig  stm32g4xx_hal_tim.o
    0x08005634   0x08005634   0x00000070   Code   RO         3526    i.TIM_OC5_SetConfig  stm32g4xx_hal_tim.o
    0x080056a4   0x080056a4   0x00000070   Code   RO         3527    i.TIM_OC6_SetConfig  stm32g4xx_hal_tim.o
    0x08005714   0x08005714   0x00000022   Code   RO         3529    i.TIM_TI1_ConfigInputStage  stm32g4xx_hal_tim.o
    0x08005736   0x08005736   0x00000002   PAD
    0x08005738   0x08005738   0x0000006c   Code   RO         3530    i.TIM_TI1_SetConfig  stm32g4xx_hal_tim.o
    0x080057a4   0x080057a4   0x00000024   Code   RO         3531    i.TIM_TI2_ConfigInputStage  stm32g4xx_hal_tim.o
    0x080057c8   0x080057c8   0x00000036   Code   RO         3532    i.TIM_TI2_SetConfig  stm32g4xx_hal_tim.o
    0x080057fe   0x080057fe   0x00000002   PAD
    0x08005800   0x08005800   0x00000044   Code   RO         4992    i.UARTEx_SetNbDataToProcess  stm32g4xx_hal_uart_ex.o
    0x08005844   0x08005844   0x000000c8   Code   RO         4602    i.UART_AdvFeatureConfig  stm32g4xx_hal_uart.o
    0x0800590c   0x0800590c   0x00000060   Code   RO         4603    i.UART_CheckIdleState  stm32g4xx_hal_uart.o
    0x0800596c   0x0800596c   0x00000014   Code   RO         4604    i.UART_DMAAbortOnError  stm32g4xx_hal_uart.o
    0x08005980   0x08005980   0x00000038   Code   RO         4614    i.UART_EndRxTransfer  stm32g4xx_hal_uart.o
    0x080059b8   0x080059b8   0x00000080   Code   RO         4616    i.UART_RxISR_16BIT  stm32g4xx_hal_uart.o
    0x08005a38   0x08005a38   0x0000013c   Code   RO         4617    i.UART_RxISR_16BIT_FIFOEN  stm32g4xx_hal_uart.o
    0x08005b74   0x08005b74   0x00000080   Code   RO         4618    i.UART_RxISR_8BIT   stm32g4xx_hal_uart.o
    0x08005bf4   0x08005bf4   0x0000013c   Code   RO         4619    i.UART_RxISR_8BIT_FIFOEN  stm32g4xx_hal_uart.o
    0x08005d30   0x08005d30   0x00000274   Code   RO         4620    i.UART_SetConfig    stm32g4xx_hal_uart.o
    0x08005fa4   0x08005fa4   0x000000d8   Code   RO         4622    i.UART_Start_Receive_IT  stm32g4xx_hal_uart.o
    0x0800607c   0x0800607c   0x000000a4   Code   RO         4627    i.UART_WaitOnFlagUntilTimeout  stm32g4xx_hal_uart.o
    0x08006120   0x08006120   0x0000000c   Code   RO          468    i.USART1_IRQHandler  stm32g4xx_it.o
    0x0800612c   0x0800612c   0x00000002   Code   RO          469    i.UsageFault_Handler  stm32g4xx_it.o
    0x0800612e   0x0800612e   0x00000030   Code   RO         5279    i.__ARM_fpclassify  m_wm.l(fpclassify.o)
    0x0800615e   0x0800615e   0x00000020   Code   RO         2842    i.__NVIC_SetPriority  stm32g4xx_hal_cortex.o
    0x0800617e   0x0800617e   0x0000000e   Code   RO         5150    i._is_digit         c_w.l(__printf_wp.o)
    0x0800618c   0x0800618c   0x00000044   Code   RO          874    i.getADC            badc.o
    0x080061d0   0x080061d0   0x000004a4   Code   RO           16    i.main              main.o
    0x08006674   0x08006674   0x0000002c   Code   RO         5275    locale$$code        c_w.l(lc_numeric_c.o)
    0x080066a0   0x080066a0   0x00000150   Code   RO         5170    x$fpl$dadd          fz_wm.l(daddsub_clz.o)
    0x080067f0   0x080067f0   0x00000018   Code   RO         5214    x$fpl$dcmpinf       fz_wm.l(dcmpi.o)
    0x08006808   0x08006808   0x000002b0   Code   RO         5177    x$fpl$ddiv          fz_wm.l(ddiv.o)
    0x08006ab8   0x08006ab8   0x0000005a   Code   RO         5180    x$fpl$dfixu         fz_wm.l(dfixu.o)
    0x08006b12   0x08006b12   0x0000002e   Code   RO         5185    x$fpl$dflt          fz_wm.l(dflt_clz.o)
    0x08006b40   0x08006b40   0x00000026   Code   RO         5184    x$fpl$dfltu         fz_wm.l(dflt_clz.o)
    0x08006b66   0x08006b66   0x00000002   PAD
    0x08006b68   0x08006b68   0x00000078   Code   RO         5190    x$fpl$dleqf         fz_wm.l(dleqf.o)
    0x08006be0   0x08006be0   0x00000154   Code   RO         5192    x$fpl$dmul          fz_wm.l(dmul.o)
    0x08006d34   0x08006d34   0x0000009c   Code   RO         5216    x$fpl$dnaninf       fz_wm.l(dnaninf.o)
    0x08006dd0   0x08006dd0   0x0000000c   Code   RO         5218    x$fpl$dretinf       fz_wm.l(dretinf.o)
    0x08006ddc   0x08006ddc   0x0000006c   Code   RO         5194    x$fpl$drleqf        fz_wm.l(drleqf.o)
    0x08006e48   0x08006e48   0x000001d4   Code   RO         5172    x$fpl$dsub          fz_wm.l(daddsub_clz.o)
    0x0800701c   0x0800701c   0x0000000a   Code   RO         5355    x$fpl$fpinit        fz_wm.l(fpinit.o)
    0x08007026   0x08007026   0x00000004   Code   RO         5196    x$fpl$printf1       fz_wm.l(printf1.o)
    0x0800702a   0x0800702a   0x00000000   Code   RO         5220    x$fpl$usenofp       fz_wm.l(usenofp.o)
    0x0800702a   0x0800702a   0x000011d0   Data   RO          699    .constdata          lcd.o
    0x080081fa   0x080081fa   0x00000018   Data   RO         4628    .constdata          stm32g4xx_hal_uart.o
    0x08008212   0x08008212   0x00000010   Data   RO         4993    .constdata          stm32g4xx_hal_uart_ex.o
    0x08008222   0x08008222   0x00000010   Data   RO         5093    .constdata          system_stm32g4xx.o
    0x08008232   0x08008232   0x00000008   Data   RO         5094    .constdata          system_stm32g4xx.o
    0x0800823a   0x0800823a   0x00000002   PAD
    0x0800823c   0x0800823c   0x00000094   Data   RO         5250    .constdata          c_w.l(bigflt0.o)
    0x080082d0   0x080082d0   0x00000020   Data   RO         5426    Region$$Table       anon$$obj.o
    0x080082f0   0x080082f0   0x0000001c   Data   RO         5274    locale$$data        c_w.l(lc_numeric_c.o)


    Execution Region RW_IRAM1 (Exec base: 0x20000000, Load base: 0x0800830c, Size: 0x00000a60, Max: 0x00008000, ABSOLUTE)

    Exec Addr    Load Addr    Size         Type   Attr      Idx    E Section Name        Object

    0x20000000   0x0800830c   0x00000003   Data   RW           17    .data               main.o
    0x20000003   0x0800830f   0x00000001   PAD
    0x20000004   0x08008310   0x00000004   Data   RW          256    .data               adc.o
    0x20000008   0x08008314   0x00000060   Data   RW          617    .data               interrupt.o
    0x20000068   0x08008374   0x00000001   Data   RW          619    .data               interrupt.o
    0x20000069   0x08008375   0x00000001   PAD
    0x2000006a   0x08008376   0x00000006   Data   RW          700    .data               lcd.o
    0x20000070   0x0800837c   0x0000000c   Data   RW         1519    .data               stm32g4xx_hal.o
    0x2000007c   0x08008388   0x00000004   Data   RW         5095    .data               system_stm32g4xx.o
    0x20000080        -       0x000000d8   Zero   RW          255    .bss                adc.o
    0x20000158        -       0x00000028   Zero   RW          303    .bss                rtc.o
    0x20000180        -       0x0000017c   Zero   RW          350    .bss                tim.o
    0x200002fc        -       0x00000090   Zero   RW          417    .bss                usart.o
    0x2000038c        -       0x00000074   Zero   RW          616    .bss                interrupt.o
    0x20000400        -       0x00000060   Zero   RW         5282    .bss                c_w.l(libspace.o)
    0x20000460        -       0x00000200   Zero   RW            2    HEAP                startup_stm32g431xx.o
    0x20000660        -       0x00000400   Zero   RW            1    STACK               startup_stm32g431xx.o


==============================================================================

Image component sizes


      Code (inc. data)   RO Data    RW Data    ZI Data      Debug   Object Name

       432         40          0          4        216       2658   adc.o
        68         18          0          0          0        837   badc.o
       300         18          0          0          0       1111   gpio.o
       864         98          0         97        116       6182   interrupt.o
      1766         76       4560          6          0      11686   lcd.o
        64         10          0          0          0        575   led.o
      1336        332          0          3          0     691433   main.o
       184         20          0          0         40       1655   rtc.o
        64         26        472          0       1536        864   startup_stm32g431xx.o
       162         24          0         12          0       4465   stm32g4xx_hal.o
      2008        106          0          0          0      76059   stm32g4xx_hal_adc.o
       224          8          0          0          0      67719   stm32g4xx_hal_adc_ex.o
       198         14          0          0          0      33975   stm32g4xx_hal_cortex.o
       226          0          0          0          0       1999   stm32g4xx_hal_dma.o
       476         34          0          0          0       3183   stm32g4xx_hal_gpio.o
        48          6          0          0          0        902   stm32g4xx_hal_msp.o
       204         18          0          0          0       1445   stm32g4xx_hal_pwr_ex.o
      1696         92          0          0          0       6096   stm32g4xx_hal_rcc.o
       648         10          0          0          0       1916   stm32g4xx_hal_rcc_ex.o
       946         60          0          0          0       8411   stm32g4xx_hal_rtc.o
      3570        302          0          0          0      23709   stm32g4xx_hal_tim.o
       342         32          0          0          0       6524   stm32g4xx_hal_tim_ex.o
      3100        128         24          0          0      34762   stm32g4xx_hal_uart.o
       288          6         16          0          0       5518   stm32g4xx_hal_uart_ex.o
        80         30          0          0          0       6784   stm32g4xx_it.o
        16          4         24          4          0       1187   system_stm32g4xx.o
      1076         68          0          0        380       5814   tim.o
       220         20          0          0        144       1834   usart.o

    ----------------------------------------------------------------------
     20638       1600       5130        128       2432    1009303   Object Totals
         0          0         32          0          0          0   (incl. Generated)
        32          0          2          2          0          0   (incl. Padding)

    ----------------------------------------------------------------------

      Code (inc. data)   RO Data    RW Data    ZI Data      Debug   Library Member Name

         8          0          0          0          0         68   __main.o
       284          0          0          0          0        156   __printf_wp.o
         0          0          0          0          0          0   __rtentry.o
        12          0          0          0          0          0   __rtentry2.o
         6          0          0          0          0          0   __rtentry4.o
        52          8          0          0          0          0   __scatter.o
        26          0          0          0          0          0   __scatter_copy.o
        28          0          0          0          0          0   __scatter_zi.o
         6          0          0          0          0          0   _printf_c.o
        44          0          0          0          0        108   _printf_char.o
        48          6          0          0          0         96   _printf_char_common.o
         6          0          0          0          0          0   _printf_d.o
       120         16          0          0          0         92   _printf_dec.o
         6          0          0          0          0          0   _printf_f.o
      1054          0          0          0          0        216   _printf_fp_dec.o
       128         16          0          0          0         84   _printf_fp_infnan.o
       178          0          0          0          0         88   _printf_intcommon.o
         0          0          0          0          0          0   _printf_percent.o
         4          0          0          0          0          0   _printf_percent_end.o
        82          0          0          0          0         80   _printf_str.o
        10          0          0          0          0         68   _sputc.o
       228          4        148          0          0         96   bigflt0.o
      1936        128          0          0          0        672   btod.o
        18          0          0          0          0         80   exit.o
         6          0          0          0          0        152   heapauxi.o
         0          0          0          0          0          0   indicate_semi.o
        44         10         28          0          0         76   lc_numeric_c.o
         2          0          0          0          0          0   libinit.o
        22          0          0          0          0          0   libinit2.o
         2          0          0          0          0          0   libshutdown.o
         2          0          0          0          0          0   libshutdown2.o
         8          4          0          0         96         68   libspace.o
       138          0          0          0          0         80   lludiv10.o
       238          0          0          0          0        100   lludivv7m.o
        40          6          0          0          0         84   noretval__2sprintf.o
         8          4          0          0          0         68   rt_locale_intlibspace.o
        78          0          0          0          0         80   rt_memclr_w.o
         2          0          0          0          0          0   rtexit.o
        10          0          0          0          0          0   rtexit2.o
       128          0          0          0          0         68   strcmpv7m.o
        12          4          0          0          0         68   sys_exit.o
        74          0          0          0          0         80   sys_stackheap_outer.o
         2          0          0          0          0         68   use_no_semi.o
       804         16          0          0          0        368   daddsub_clz.o
        24          0          0          0          0        116   dcmpi.o
       688        140          0          0          0        256   ddiv.o
        90          4          0          0          0        140   dfixu.o
        84          0          0          0          0        232   dflt_clz.o
       120          4          0          0          0        140   dleqf.o
       340         12          0          0          0        152   dmul.o
       156          4          0          0          0        140   dnaninf.o
        12          0          0          0          0        116   dretinf.o
       108          0          0          0          0        128   drleqf.o
        10          0          0          0          0        116   fpinit.o
         4          0          0          0          0        116   printf1.o
         0          0          0          0          0          0   usenofp.o
        48          0          0          0          0        124   fpclassify.o

    ----------------------------------------------------------------------
      7604        386        176          0         96       5040   Library Totals
        16          0          0          0          0          0   (incl. Padding)

    ----------------------------------------------------------------------

      Code (inc. data)   RO Data    RW Data    ZI Data      Debug   Library Name

      5100        206        176          0         96       2896   c_w.l
      2440        180          0          0          0       2020   fz_wm.l
        48          0          0          0          0        124   m_wm.l

    ----------------------------------------------------------------------
      7604        386        176          0         96       5040   Library Totals

    ----------------------------------------------------------------------

==============================================================================


      Code (inc. data)   RO Data    RW Data    ZI Data      Debug   

     28242       1986       5306        128       2528     995783   Grand Totals
     28242       1986       5306        128       2528     995783   ELF Image Totals
     28242       1986       5306        128          0          0   ROM Totals

==============================================================================

    Total RO  Size (Code + RO Data)                33548 (  32.76kB)
    Total RW  Size (RW Data + ZI Data)              2656 (   2.59kB)
    Total ROM Size (Code + RO Data + RW Data)      33676 (  32.89kB)

==============================================================================

